** Drc report for Shield.kicad_pcb **
** Created on 2026-09-18T00:24:17+0530 **
** Report includes: Errors, Exclusions **

** Found 200 DRC violations **
[malformed_courtyard]: Footprint has malformed courtyard (not a closed shape)
    Local override; error
    @(115.7700 mm, 142.5650 mm): Footprint U9
[malformed_courtyard]: Footprint has malformed courtyard (not a closed shape)
    Local override; error
    @(115.7700 mm, 142.5650 mm): Footprint U9
[malformed_courtyard]: Footprint has malformed courtyard (not a closed shape)
    Local override; error
    @(61.1800 mm, 138.8850 mm): Footprint U7
[malformed_courtyard]: Footprint has malformed courtyard (not a closed shape)
    Local override; error
    @(61.1800 mm, 138.8850 mm): Footprint U7
[malformed_courtyard]: Footprint has malformed courtyard (not a closed shape)
    Local override; error
    @(83.0700 mm, 138.1450 mm): Footprint U8
[malformed_courtyard]: Footprint has malformed courtyard (not a closed shape)
    Local override; error
    @(83.0700 mm, 138.1450 mm): Footprint U8
[copper_edge_clearance]: Board edge clearance violation (board setup constraints edge clearance 0.5000 mm; actual 0.4497 mm)
    Rule: board setup constraints edge; error
    @(189.8958 mm, 109.9992 mm): Segment of J16 on Edge.Cuts
    @(187.1000 mm, 108.9000 mm): Pad 1 [/MIC2_INP] of J16 on F.Cu
[copper_edge_clearance]: Board edge clearance violation (board setup constraints edge clearance 0.5000 mm; actual 0.2501 mm)
    Rule: board setup constraints edge; error
    @(188.4000 mm, 116.9999 mm): Segment of J16 on Edge.Cuts
    @(187.0901 mm, 118.6000 mm): Pad 2 [/HPH_REF] of J16 on F.Cu
[copper_edge_clearance]: Board edge clearance violation (board setup constraints edge clearance 0.5000 mm; actual 0.2510 mm)
    Rule: board setup constraints edge; error
    @(188.3997 mm, 110.4996 mm): Segment of J16 on Edge.Cuts
    @(184.5501 mm, 108.9000 mm): Pad 3 [/HPH_R] of J16 on F.Cu
[copper_edge_clearance]: Board edge clearance violation (board setup constraints edge clearance 0.5000 mm; actual 0.2434 mm)
    Rule: board setup constraints edge; error
    @(177.9028 mm, 117.0066 mm): Segment of J16 on Edge.Cuts
    @(180.4000 mm, 118.6000 mm): Pad 4 [/HPH_L] of J16 on F.Cu
[copper_edge_clearance]: Board edge clearance violation (board setup constraints edge clearance 0.5000 mm; actual 0.2434 mm)
    Rule: board setup constraints edge; error
    @(177.9028 mm, 110.5046 mm): Segment of J16 on Edge.Cuts
    @(178.4000 mm, 118.6000 mm): Pad 5 [unconnected-(J16-Pad5)] of J16 on F.Cu
[copper_edge_clearance]: Board edge clearance violation (board setup constraints edge clearance 0.5000 mm; actual 0.3031 mm)
    Rule: board setup constraints edge; error
    @(182.9994 mm, 109.6748 mm): Segment of J16 on Edge.Cuts
    @(179.4500 mm, 108.9000 mm): Pad 6 [unconnected-(J16-Pad6)] of J16 on F.Cu
[invalid_outline]: Board has malformed outline (not a closed shape)
    Local override; error
    @(191.8617 mm, 111.2104 mm): Segment of J16 on Edge.Cuts
[invalid_outline]: Board has malformed outline (not a closed shape)
    Local override; error
    @(189.8934 mm, 116.1968 mm): Segment of J16 on Edge.Cuts
[invalid_outline]: Board has malformed outline (self-intersecting)
    Local override; error
    @(180.6031 mm, 109.6748 mm): Segment of J16 on Edge.Cuts
    @(182.9994 mm, 109.6748 mm): Segment of J16 on Edge.Cuts
[invalid_outline]: Board has malformed outline (self-intersecting)
    Local override; error
    @(189.8934 mm, 117.4999 mm): Segment of J16 on Edge.Cuts
    @(189.8934 mm, 116.1968 mm): Segment of J16 on Edge.Cuts
[unresolved_variable]: Unresolved text variable
    Local override; error
    @(69.0600 mm, 147.6100 mm): PCB text '${REFERENCE}' on F.Fab
[solder_mask_bridge]: Front solder mask aperture bridges items with different nets
    Rule: board setup solder mask min width; error
    @(128.2900 mm, 68.7900 mm): Pad 1 [unconnected-(J6-~{WAKE}-Pad1)] of J6 on F.Cu
    @(128.2900 mm, 69.5900 mm): Pad 3 [unconnected-(J6-COEX1-Pad3)] of J6 on F.Cu
[solder_mask_bridge]: Front solder mask aperture bridges items with different nets
    Rule: board setup solder mask min width; error
    @(136.4900 mm, 69.1900 mm): Pad 2 [/3V3-VBUS-2] of J6 on F.Cu
    @(136.4900 mm, 69.9900 mm): Pad 4 [GND] of J6 on F.Cu
[solder_mask_bridge]: Front solder mask aperture bridges items with different nets
    Rule: board setup solder mask min width; error
    @(128.2900 mm, 69.5900 mm): Pad 3 [unconnected-(J6-COEX1-Pad3)] of J6 on F.Cu
    @(128.2900 mm, 70.3900 mm): Pad 5 [unconnected-(J6-COEX2-Pad5)] of J6 on F.Cu
[solder_mask_bridge]: Front solder mask aperture bridges items with different nets
    Rule: board setup solder mask min width; error
    @(136.4900 mm, 69.9900 mm): Pad 4 [GND] of J6 on F.Cu
    @(136.4900 mm, 70.7900 mm): Pad 6 [unconnected-(J6-+1V5-Pad6)] of J6 on F.Cu
[solder_mask_bridge]: Front solder mask aperture bridges items with different nets
    Rule: board setup solder mask min width; error
    @(128.2900 mm, 70.3900 mm): Pad 5 [unconnected-(J6-COEX2-Pad5)] of J6 on F.Cu
    @(128.2900 mm, 71.1900 mm): Pad 7 [unconnected-(J6-~{CLKREQ}-Pad7)] of J6 on F.Cu
[solder_mask_bridge]: Front solder mask aperture bridges items with different nets
    Rule: board setup solder mask min width; error
    @(136.4900 mm, 70.7900 mm): Pad 6 [unconnected-(J6-+1V5-Pad6)] of J6 on F.Cu
    @(136.4900 mm, 71.5900 mm): Pad 8 [unconnected-(J6-UIM_PWR-Pad8)] of J6 on F.Cu
[solder_mask_bridge]: Front solder mask aperture bridges items with different nets
    Rule: board setup solder mask min width; error
    @(128.2900 mm, 71.1900 mm): Pad 7 [unconnected-(J6-~{CLKREQ}-Pad7)] of J6 on F.Cu
    @(128.2900 mm, 71.9900 mm): Pad 9 [GND] of J6 on F.Cu
[solder_mask_bridge]: Front solder mask aperture bridges items with different nets
    Rule: board setup solder mask min width; error
    @(136.4900 mm, 71.5900 mm): Pad 8 [unconnected-(J6-UIM_PWR-Pad8)] of J6 on F.Cu
    @(136.4900 mm, 72.3900 mm): Pad 10 [unconnected-(J6-UIM_DATA-Pad10)] of J6 on F.Cu
[solder_mask_bridge]: Front solder mask aperture bridges items with different nets
    Rule: board setup solder mask min width; error
    @(128.2900 mm, 71.9900 mm): Pad 9 [GND] of J6 on F.Cu
    @(128.2900 mm, 72.7900 mm): Pad 11 [unconnected-(J6-REFCLK--Pad11)] of J6 on F.Cu
[solder_mask_bridge]: Front solder mask aperture bridges items with different nets
    Rule: board setup solder mask min width; error
    @(136.4900 mm, 72.3900 mm): Pad 10 [unconnected-(J6-UIM_DATA-Pad10)] of J6 on F.Cu
    @(136.4900 mm, 73.1900 mm): Pad 12 [unconnected-(J6-UIM_CLK-Pad12)] of J6 on F.Cu
[solder_mask_bridge]: Front solder mask aperture bridges items with different nets
    Rule: board setup solder mask min width; error
    @(128.2900 mm, 72.7900 mm): Pad 11 [unconnected-(J6-REFCLK--Pad11)] of J6 on F.Cu
    @(128.2900 mm, 73.5900 mm): Pad 13 [unconnected-(J6-REFCLK+-Pad13)] of J6 on F.Cu
[solder_mask_bridge]: Front solder mask aperture bridges items with different nets
    Rule: board setup solder mask min width; error
    @(136.4900 mm, 73.1900 mm): Pad 12 [unconnected-(J6-UIM_CLK-Pad12)] of J6 on F.Cu
    @(136.4900 mm, 73.9900 mm): Pad 14 [unconnected-(J6-~{UIM_RESET}-Pad14)] of J6 on F.Cu
[solder_mask_bridge]: Front solder mask aperture bridges items with different nets
    Rule: board setup solder mask min width; error
    @(128.2900 mm, 73.5900 mm): Pad 13 [unconnected-(J6-REFCLK+-Pad13)] of J6 on F.Cu
    @(128.2900 mm, 74.3900 mm): Pad 15 [GND] of J6 on F.Cu
[solder_mask_bridge]: Front solder mask aperture bridges items with different nets
    Rule: board setup solder mask min width; error
    @(136.4900 mm, 73.9900 mm): Pad 14 [unconnected-(J6-~{UIM_RESET}-Pad14)] of J6 on F.Cu
    @(136.4900 mm, 74.7900 mm): Pad 16 [unconnected-(J6-UIM_VPP-Pad16)] of J6 on F.Cu
[solder_mask_bridge]: Front solder mask aperture bridges items with different nets
    Rule: board setup solder mask min width; error
    @(128.2900 mm, 78.3900 mm): Pad 17 [unconnected-(J6-UIM_C8-Pad17)] of J6 on F.Cu
    @(128.2900 mm, 79.1900 mm): Pad 19 [unconnected-(J6-UIM_C4-Pad19)] of J6 on F.Cu
[solder_mask_bridge]: Front solder mask aperture bridges items with different nets
    Rule: board setup solder mask min width; error
    @(136.4900 mm, 78.7900 mm): Pad 18 [GND] of J6 on F.Cu
    @(136.4900 mm, 79.5900 mm): Pad 20 [unconnected-(J6-~{W_DISABLE}-Pad20)] of J6 on F.Cu
[solder_mask_bridge]: Front solder mask aperture bridges items with different nets
    Rule: board setup solder mask min width; error
    @(128.2900 mm, 79.1900 mm): Pad 19 [unconnected-(J6-UIM_C4-Pad19)] of J6 on F.Cu
    @(128.2900 mm, 79.9900 mm): Pad 21 [GND] of J6 on F.Cu
[solder_mask_bridge]: Front solder mask aperture bridges items with different nets
    Rule: board setup solder mask min width; error
    @(136.4900 mm, 79.5900 mm): Pad 20 [unconnected-(J6-~{W_DISABLE}-Pad20)] of J6 on F.Cu
    @(136.4900 mm, 80.3900 mm): Pad 22 [/MCU_PE7_LR] of J6 on F.Cu
[solder_mask_bridge]: Front solder mask aperture bridges items with different nets
    Rule: board setup solder mask min width; error
    @(128.2900 mm, 79.9900 mm): Pad 21 [GND] of J6 on F.Cu
    @(128.2900 mm, 80.7900 mm): Pad 23 [unconnected-(J6-PERn0-Pad23)] of J6 on F.Cu
[solder_mask_bridge]: Front solder mask aperture bridges items with different nets
    Rule: board setup solder mask min width; error
    @(136.4900 mm, 80.3900 mm): Pad 22 [/MCU_PE7_LR] of J6 on F.Cu
    @(136.4900 mm, 81.1900 mm): Pad 24 [/3V3-VBUS-2] of J6 on F.Cu
[solder_mask_bridge]: Front solder mask aperture bridges items with different nets
    Rule: board setup solder mask min width; error
    @(128.2900 mm, 80.7900 mm): Pad 23 [unconnected-(J6-PERn0-Pad23)] of J6 on F.Cu
    @(128.2900 mm, 81.5900 mm): Pad 25 [unconnected-(J6-PERp0-Pad25)] of J6 on F.Cu
[solder_mask_bridge]: Front solder mask aperture bridges items with different nets
    Rule: board setup solder mask min width; error
    @(136.4900 mm, 81.1900 mm): Pad 24 [/3V3-VBUS-2] of J6 on F.Cu
    @(136.4900 mm, 81.9900 mm): Pad 26 [GND] of J6 on F.Cu
[solder_mask_bridge]: Front solder mask aperture bridges items with different nets
    Rule: board setup solder mask min width; error
    @(128.2900 mm, 81.5900 mm): Pad 25 [unconnected-(J6-PERp0-Pad25)] of J6 on F.Cu
    @(128.2900 mm, 82.3900 mm): Pad 27 [GND] of J6 on F.Cu
[solder_mask_bridge]: Front solder mask aperture bridges items with different nets
    Rule: board setup solder mask min width; error
    @(136.4900 mm, 81.9900 mm): Pad 26 [GND] of J6 on F.Cu
    @(136.4900 mm, 82.7900 mm): Pad 28 [unconnected-(J6-+1V5-Pad28)] of J6 on F.Cu
[solder_mask_bridge]: Front solder mask aperture bridges items with different nets
    Rule: board setup solder mask min width; error
    @(136.4900 mm, 82.7900 mm): Pad 28 [unconnected-(J6-+1V5-Pad28)] of J6 on F.Cu
    @(136.4900 mm, 83.5900 mm): Pad 30 [unconnected-(J6-SMB_CLK-Pad30)] of J6 on F.Cu
[solder_mask_bridge]: Front solder mask aperture bridges items with different nets
    Rule: board setup solder mask min width; error
    @(128.2900 mm, 83.1900 mm): Pad 29 [GND] of J6 on F.Cu
    @(128.2900 mm, 83.9900 mm): Pad 31 [unconnected-(J6-PETn0-Pad31)] of J6 on F.Cu
[solder_mask_bridge]: Front solder mask aperture bridges items with different nets
    Rule: board setup solder mask min width; error
    @(136.4900 mm, 83.5900 mm): Pad 30 [unconnected-(J6-SMB_CLK-Pad30)] of J6 on F.Cu
    @(136.4900 mm, 84.3900 mm): Pad 32 [unconnected-(J6-SMB_DATA-Pad32)] of J6 on F.Cu
[solder_mask_bridge]: Front solder mask aperture bridges items with different nets
    Rule: board setup solder mask min width; error
    @(128.2900 mm, 83.9900 mm): Pad 31 [unconnected-(J6-PETn0-Pad31)] of J6 on F.Cu
    @(128.2900 mm, 84.7900 mm): Pad 33 [unconnected-(J6-PETp0-Pad33)] of J6 on F.Cu
[solder_mask_bridge]: Front solder mask aperture bridges items with different nets
    Rule: board setup solder mask min width; error
    @(136.4900 mm, 84.3900 mm): Pad 32 [unconnected-(J6-SMB_DATA-Pad32)] of J6 on F.Cu
    @(136.4900 mm, 85.1900 mm): Pad 34 [GND] of J6 on F.Cu
[solder_mask_bridge]: Front solder mask aperture bridges items with different nets
    Rule: board setup solder mask min width; error
    @(128.2900 mm, 84.7900 mm): Pad 33 [unconnected-(J6-PETp0-Pad33)] of J6 on F.Cu
    @(128.2900 mm, 85.5900 mm): Pad 35 [GND] of J6 on F.Cu
[solder_mask_bridge]: Front solder mask aperture bridges items with different nets
    Rule: board setup solder mask min width; error
    @(136.4900 mm, 85.1900 mm): Pad 34 [GND] of J6 on F.Cu
    @(136.4900 mm, 85.9900 mm): Pad 36 [unconnected-(J6-USB_D--Pad36)] of J6 on F.Cu
[solder_mask_bridge]: Front solder mask aperture bridges items with different nets
    Rule: board setup solder mask min width; error
    @(136.4900 mm, 85.9900 mm): Pad 36 [unconnected-(J6-USB_D--Pad36)] of J6 on F.Cu
    @(136.4900 mm, 86.7900 mm): Pad 38 [unconnected-(J6-USB_D+-Pad38)] of J6 on F.Cu
[solder_mask_bridge]: Front solder mask aperture bridges items with different nets
    Rule: board setup solder mask min width; error
    @(128.2900 mm, 86.3900 mm): Pad 37 [GND] of J6 on F.Cu
    @(128.2900 mm, 87.1900 mm): Pad 39 [/3V3-VBUS-2] of J6 on F.Cu
[solder_mask_bridge]: Front solder mask aperture bridges items with different nets
    Rule: board setup solder mask min width; error
    @(136.4900 mm, 86.7900 mm): Pad 38 [unconnected-(J6-USB_D+-Pad38)] of J6 on F.Cu
    @(136.4900 mm, 87.5900 mm): Pad 40 [GND] of J6 on F.Cu
[solder_mask_bridge]: Front solder mask aperture bridges items with different nets
    Rule: board setup solder mask min width; error
    @(136.4900 mm, 87.5900 mm): Pad 40 [GND] of J6 on F.Cu
    @(136.4900 mm, 88.3900 mm): Pad 42 [unconnected-(J6-~{LED_WWAN}-Pad42)] of J6 on F.Cu
[solder_mask_bridge]: Front solder mask aperture bridges items with different nets
    Rule: board setup solder mask min width; error
    @(128.2900 mm, 87.9900 mm): Pad 41 [/3V3-VBUS-2] of J6 on F.Cu
    @(128.2900 mm, 88.7900 mm): Pad 43 [GND] of J6 on F.Cu
[solder_mask_bridge]: Front solder mask aperture bridges items with different nets
    Rule: board setup solder mask min width; error
    @(136.4900 mm, 88.3900 mm): Pad 42 [unconnected-(J6-~{LED_WWAN}-Pad42)] of J6 on F.Cu
    @(136.4900 mm, 89.1900 mm): Pad 44 [unconnected-(J6-~{LED_WLAN}-Pad44)] of J6 on F.Cu
[solder_mask_bridge]: Front solder mask aperture bridges items with different nets
    Rule: board setup solder mask min width; error
    @(128.2900 mm, 88.7900 mm): Pad 43 [GND] of J6 on F.Cu
    @(128.2900 mm, 89.5900 mm): Pad 45 [/LR_SCK] of J6 on F.Cu
[solder_mask_bridge]: Front solder mask aperture bridges items with different nets
    Rule: board setup solder mask min width; error
    @(136.4900 mm, 89.1900 mm): Pad 44 [unconnected-(J6-~{LED_WLAN}-Pad44)] of J6 on F.Cu
    @(136.4900 mm, 89.9900 mm): Pad 46 [unconnected-(J6-~{LED_WPAN}-Pad46)] of J6 on F.Cu
[solder_mask_bridge]: Front solder mask aperture bridges items with different nets
    Rule: board setup solder mask min width; error
    @(128.2900 mm, 89.5900 mm): Pad 45 [/LR_SCK] of J6 on F.Cu
    @(128.2900 mm, 90.3900 mm): Pad 47 [/LR_MISO] of J6 on F.Cu
[solder_mask_bridge]: Front solder mask aperture bridges items with different nets
    Rule: board setup solder mask min width; error
    @(136.4900 mm, 89.9900 mm): Pad 46 [unconnected-(J6-~{LED_WPAN}-Pad46)] of J6 on F.Cu
    @(136.4900 mm, 90.7900 mm): Pad 48 [unconnected-(J6-+1V5-Pad48)] of J6 on F.Cu
[solder_mask_bridge]: Front solder mask aperture bridges items with different nets
    Rule: board setup solder mask min width; error
    @(128.2900 mm, 90.3900 mm): Pad 47 [/LR_MISO] of J6 on F.Cu
    @(128.2900 mm, 91.1900 mm): Pad 49 [/LR_MOSI] of J6 on F.Cu
[solder_mask_bridge]: Front solder mask aperture bridges items with different nets
    Rule: board setup solder mask min width; error
    @(136.4900 mm, 90.7900 mm): Pad 48 [unconnected-(J6-+1V5-Pad48)] of J6 on F.Cu
    @(136.4900 mm, 91.5900 mm): Pad 50 [GND] of J6 on F.Cu
[solder_mask_bridge]: Front solder mask aperture bridges items with different nets
    Rule: board setup solder mask min width; error
    @(128.2900 mm, 91.1900 mm): Pad 49 [/LR_MOSI] of J6 on F.Cu
    @(128.2900 mm, 91.9900 mm): Pad 51 [GND] of J6 on F.Cu
[solder_mask_bridge]: Front solder mask aperture bridges items with different nets
    Rule: board setup solder mask min width; error
    @(136.4900 mm, 91.5900 mm): Pad 50 [GND] of J6 on F.Cu
    @(136.4900 mm, 92.3900 mm): Pad 52 [/3V3-VBUS-2] of J6 on F.Cu
[solder_mask_bridge]: Front solder mask aperture bridges items with different nets
    Rule: board setup solder mask min width; error
    @(78.7993 mm, 114.0950 mm): Pad 1 [/LTE_D+] of U2 on F.Cu
    @(78.7993 mm, 114.4950 mm): Pad 2 [/LTE_D-] of U2 on F.Cu
[solder_mask_bridge]: Front solder mask aperture bridges items with different nets
    Rule: board setup solder mask min width; error
    @(78.7993 mm, 114.4950 mm): Pad 2 [/LTE_D-] of U2 on F.Cu
    @(78.7993 mm, 114.8950 mm): Pad 3 [unconnected-(U2-USB3DN_TXDP1-Pad3)] of U2 on F.Cu
[solder_mask_bridge]: Front solder mask aperture bridges items with different nets
    Rule: board setup solder mask min width; error
    @(78.7993 mm, 114.8950 mm): Pad 3 [unconnected-(U2-USB3DN_TXDP1-Pad3)] of U2 on F.Cu
    @(78.7993 mm, 115.2950 mm): Pad 4 [unconnected-(U2-USB3DN_TXDM1-Pad4)] of U2 on F.Cu
[solder_mask_bridge]: Front solder mask aperture bridges items with different nets
    Rule: board setup solder mask min width; error
    @(78.7993 mm, 115.2950 mm): Pad 4 [unconnected-(U2-USB3DN_TXDM1-Pad4)] of U2 on F.Cu
    @(78.7993 mm, 115.6950 mm): Pad 5 [VDD12] of U2 on F.Cu
[solder_mask_bridge]: Front solder mask aperture bridges items with different nets
    Rule: board setup solder mask min width; error
    @(78.7993 mm, 115.6950 mm): Pad 5 [VDD12] of U2 on F.Cu
    @(78.7993 mm, 116.0950 mm): Pad 6 [unconnected-(U2-USB3DN_RXDP1-Pad6)] of U2 on F.Cu
[solder_mask_bridge]: Front solder mask aperture bridges items with different nets
    Rule: board setup solder mask min width; error
    @(78.7993 mm, 116.0950 mm): Pad 6 [unconnected-(U2-USB3DN_RXDP1-Pad6)] of U2 on F.Cu
    @(78.7993 mm, 116.4950 mm): Pad 7 [unconnected-(U2-USB3DN_RXDM1-Pad7)] of U2 on F.Cu
[solder_mask_bridge]: Front solder mask aperture bridges items with different nets
    Rule: board setup solder mask min width; error
    @(78.7993 mm, 116.4950 mm): Pad 7 [unconnected-(U2-USB3DN_RXDM1-Pad7)] of U2 on F.Cu
    @(78.7993 mm, 116.8950 mm): Pad 8 [/DN2_D+] of U2 on F.Cu
[solder_mask_bridge]: Front solder mask aperture bridges items with different nets
    Rule: board setup solder mask min width; error
    @(78.7993 mm, 116.8950 mm): Pad 8 [/DN2_D+] of U2 on F.Cu
    @(78.7993 mm, 117.2950 mm): Pad 9 [/DN2_D-] of U2 on F.Cu
[solder_mask_bridge]: Front solder mask aperture bridges items with different nets
    Rule: board setup solder mask min width; error
    @(78.7993 mm, 117.2950 mm): Pad 9 [/DN2_D-] of U2 on F.Cu
    @(78.7993 mm, 117.6950 mm): Pad 10 [/DN2_TX+] of U2 on F.Cu
[solder_mask_bridge]: Front solder mask aperture bridges items with different nets
    Rule: board setup solder mask min width; error
    @(78.7993 mm, 117.6950 mm): Pad 10 [/DN2_TX+] of U2 on F.Cu
    @(78.7993 mm, 118.0950 mm): Pad 11 [/DN2_TX-] of U2 on F.Cu
[solder_mask_bridge]: Front solder mask aperture bridges items with different nets
    Rule: board setup solder mask min width; error
    @(78.7993 mm, 118.0950 mm): Pad 11 [/DN2_TX-] of U2 on F.Cu
    @(78.7993 mm, 118.4950 mm): Pad 12 [VDD12] of U2 on F.Cu
[solder_mask_bridge]: Front solder mask aperture bridges items with different nets
    Rule: board setup solder mask min width; error
    @(78.7993 mm, 118.4950 mm): Pad 12 [VDD12] of U2 on F.Cu
    @(78.7993 mm, 118.8950 mm): Pad 13 [/DN2_RX+] of U2 on F.Cu
[solder_mask_bridge]: Front solder mask aperture bridges items with different nets
    Rule: board setup solder mask min width; error
    @(78.7993 mm, 118.8950 mm): Pad 13 [/DN2_RX+] of U2 on F.Cu
    @(78.7993 mm, 119.2950 mm): Pad 14 [/DN2_RX-] of U2 on F.Cu
[solder_mask_bridge]: Front solder mask aperture bridges items with different nets
    Rule: board setup solder mask min width; error
    @(79.6343 mm, 120.1300 mm): Pad 15 [VDD12] of U2 on F.Cu
    @(80.0343 mm, 120.1300 mm): Pad 16 [VDD33] of U2 on F.Cu
[solder_mask_bridge]: Front solder mask aperture bridges items with different nets
    Rule: board setup solder mask min width; error
    @(80.0343 mm, 120.1300 mm): Pad 16 [VDD33] of U2 on F.Cu
    @(80.4343 mm, 120.1300 mm): Pad 17 [/DN3_D+] of U2 on F.Cu
[solder_mask_bridge]: Front solder mask aperture bridges items with different nets
    Rule: board setup solder mask min width; error
    @(80.4343 mm, 120.1300 mm): Pad 17 [/DN3_D+] of U2 on F.Cu
    @(80.8343 mm, 120.1300 mm): Pad 18 [/DN3_D-] of U2 on F.Cu
[solder_mask_bridge]: Front solder mask aperture bridges items with different nets
    Rule: board setup solder mask min width; error
    @(80.8343 mm, 120.1300 mm): Pad 18 [/DN3_D-] of U2 on F.Cu
    @(81.2343 mm, 120.1300 mm): Pad 19 [/DN3_TX+] of U2 on F.Cu
[solder_mask_bridge]: Front solder mask aperture bridges items with different nets
    Rule: board setup solder mask min width; error
    @(81.2343 mm, 120.1300 mm): Pad 19 [/DN3_TX+] of U2 on F.Cu
    @(81.6343 mm, 120.1300 mm): Pad 20 [/DN3_TX-] of U2 on F.Cu
[solder_mask_bridge]: Front solder mask aperture bridges items with different nets
    Rule: board setup solder mask min width; error
    @(81.6343 mm, 120.1300 mm): Pad 20 [/DN3_TX-] of U2 on F.Cu
    @(82.0343 mm, 120.1300 mm): Pad 21 [VDD12] of U2 on F.Cu
[solder_mask_bridge]: Front solder mask aperture bridges items with different nets
    Rule: board setup solder mask min width; error
    @(82.0343 mm, 120.1300 mm): Pad 21 [VDD12] of U2 on F.Cu
    @(82.4343 mm, 120.1300 mm): Pad 22 [/DN3_RX+] of U2 on F.Cu
[solder_mask_bridge]: Front solder mask aperture bridges items with different nets
    Rule: board setup solder mask min width; error
    @(82.4343 mm, 120.1300 mm): Pad 22 [/DN3_RX+] of U2 on F.Cu
    @(82.8343 mm, 120.1300 mm): Pad 23 [/DN3_RX-] of U2 on F.Cu
[solder_mask_bridge]: Front solder mask aperture bridges items with different nets
    Rule: board setup solder mask min width; error
    @(82.8343 mm, 120.1300 mm): Pad 23 [/DN3_RX-] of U2 on F.Cu
    @(83.2343 mm, 120.1300 mm): Pad 24 [/DN4_D+] of U2 on F.Cu
[solder_mask_bridge]: Front solder mask aperture bridges items with different nets
    Rule: board setup solder mask min width; error
    @(83.2343 mm, 120.1300 mm): Pad 24 [/DN4_D+] of U2 on F.Cu
    @(83.6343 mm, 120.1300 mm): Pad 25 [/DN4_D-] of U2 on F.Cu
[solder_mask_bridge]: Front solder mask aperture bridges items with different nets
    Rule: board setup solder mask min width; error
    @(83.6343 mm, 120.1300 mm): Pad 25 [/DN4_D-] of U2 on F.Cu
    @(84.0343 mm, 120.1300 mm): Pad 26 [unconnected-(U2-USB3DN_TXDP4-Pad26)] of U2 on F.Cu
[solder_mask_bridge]: Front solder mask aperture bridges items with different nets
    Rule: board setup solder mask min width; error
    @(84.0343 mm, 120.1300 mm): Pad 26 [unconnected-(U2-USB3DN_TXDP4-Pad26)] of U2 on F.Cu
    @(84.4343 mm, 120.1300 mm): Pad 27 [unconnected-(U2-USB3DN_TXDM4-Pad27)] of U2 on F.Cu
[solder_mask_bridge]: Front solder mask aperture bridges items with different nets
    Rule: board setup solder mask min width; error
    @(84.4343 mm, 120.1300 mm): Pad 27 [unconnected-(U2-USB3DN_TXDM4-Pad27)] of U2 on F.Cu
    @(84.8343 mm, 120.1300 mm): Pad 28 [VDD12] of U2 on F.Cu
[solder_mask_bridge]: Front solder mask aperture bridges items with different nets
    Rule: board setup solder mask min width; error
    @(85.6693 mm, 119.2950 mm): Pad 29 [unconnected-(U2-USB3DN_RXDP4-Pad29)] of U2 on F.Cu
    @(85.6693 mm, 118.8950 mm): Pad 30 [unconnected-(U2-USB3DN_RXDM4-Pad30)] of U2 on F.Cu
[solder_mask_bridge]: Front solder mask aperture bridges items with different nets
    Rule: board setup solder mask min width; error
    @(85.6693 mm, 118.8950 mm): Pad 30 [unconnected-(U2-USB3DN_RXDM4-Pad30)] of U2 on F.Cu
    @(85.6693 mm, 118.4950 mm): Pad 31 [VDD33] of U2 on F.Cu
[solder_mask_bridge]: Front solder mask aperture bridges items with different nets
    Rule: board setup solder mask min width; error
    @(85.6693 mm, 118.4950 mm): Pad 31 [VDD33] of U2 on F.Cu
    @(85.6693 mm, 118.0950 mm): Pad 32 [/PRT_CTL4] of U2 on F.Cu
[solder_mask_bridge]: Front solder mask aperture bridges items with different nets
    Rule: board setup solder mask min width; error
    @(85.6693 mm, 118.0950 mm): Pad 32 [/PRT_CTL4] of U2 on F.Cu
    @(85.6693 mm, 117.6950 mm): Pad 33 [VDD12] of U2 on F.Cu
[solder_mask_bridge]: Front solder mask aperture bridges items with different nets
    Rule: board setup solder mask min width; error
    @(85.6693 mm, 117.6950 mm): Pad 33 [VDD12] of U2 on F.Cu
    @(85.6693 mm, 117.2950 mm): Pad 34 [/PRT_CTL3] of U2 on F.Cu
[solder_mask_bridge]: Front solder mask aperture bridges items with different nets
    Rule: board setup solder mask min width; error
    @(85.6693 mm, 117.2950 mm): Pad 34 [/PRT_CTL3] of U2 on F.Cu
    @(85.6693 mm, 116.8950 mm): Pad 35 [/PRT_CTL2] of U2 on F.Cu
[solder_mask_bridge]: Front solder mask aperture bridges items with different nets
    Rule: board setup solder mask min width; error
    @(85.6693 mm, 116.8950 mm): Pad 35 [/PRT_CTL2] of U2 on F.Cu
    @(85.6693 mm, 116.4950 mm): Pad 36 [unconnected-(U2-PRT_CTL1-Pad36)] of U2 on F.Cu
[solder_mask_bridge]: Front solder mask aperture bridges items with different nets
    Rule: board setup solder mask min width; error
    @(85.6693 mm, 116.4950 mm): Pad 36 [unconnected-(U2-PRT_CTL1-Pad36)] of U2 on F.Cu
    @(85.6693 mm, 116.0950 mm): Pad 37 [/UP_VBUS] of U2 on F.Cu
[solder_mask_bridge]: Front solder mask aperture bridges items with different nets
    Rule: board setup solder mask min width; error
    @(85.6693 mm, 116.0950 mm): Pad 37 [/UP_VBUS] of U2 on F.Cu
    @(85.6693 mm, 115.6950 mm): Pad 38 [unconnected-(U2-SPI_CLK/SMCLK/GPIO4-Pad38)] of U2 on F.Cu
[solder_mask_bridge]: Front solder mask aperture bridges items with different nets
    Rule: board setup solder mask min width; error
    @(85.6693 mm, 115.6950 mm): Pad 38 [unconnected-(U2-SPI_CLK/SMCLK/GPIO4-Pad38)] of U2 on F.Cu
    @(85.6693 mm, 115.2950 mm): Pad 39 [unconnected-(U2-SPI_DO/SMDAT/GPIO5-Pad39)] of U2 on F.Cu
[solder_mask_bridge]: Front solder mask aperture bridges items with different nets
    Rule: board setup solder mask min width; error
    @(85.6693 mm, 115.2950 mm): Pad 39 [unconnected-(U2-SPI_DO/SMDAT/GPIO5-Pad39)] of U2 on F.Cu
    @(85.6693 mm, 114.8950 mm): Pad 40 [Net-(U2-SPI_DI/CFG_BC_EN/GPIO9)] of U2 on F.Cu
[solder_mask_bridge]: Front solder mask aperture bridges items with different nets
    Rule: board setup solder mask min width; error
    @(85.6693 mm, 114.8950 mm): Pad 40 [Net-(U2-SPI_DI/CFG_BC_EN/GPIO9)] of U2 on F.Cu
    @(85.6693 mm, 114.4950 mm): Pad 41 [Net-(U2-SPI_CE_N/CFG_NON_REM/GPIO7)] of U2 on F.Cu
[solder_mask_bridge]: Front solder mask aperture bridges items with different nets
    Rule: board setup solder mask min width; error
    @(85.6693 mm, 114.4950 mm): Pad 41 [Net-(U2-SPI_CE_N/CFG_NON_REM/GPIO7)] of U2 on F.Cu
    @(85.6693 mm, 114.0950 mm): Pad 42 [/RST] of U2 on F.Cu
[solder_mask_bridge]: Front solder mask aperture bridges items with different nets
    Rule: board setup solder mask min width; error
    @(84.8343 mm, 113.2600 mm): Pad 43 [VDD12] of U2 on F.Cu
    @(84.4343 mm, 113.2600 mm): Pad 44 [VDD33] of U2 on F.Cu
[solder_mask_bridge]: Front solder mask aperture bridges items with different nets
    Rule: board setup solder mask min width; error
    @(84.4343 mm, 113.2600 mm): Pad 44 [VDD33] of U2 on F.Cu
    @(84.0343 mm, 113.2600 mm): Pad 45 [/UP_D-] of U2 on F.Cu
[solder_mask_bridge]: Front solder mask aperture bridges items with different nets
    Rule: board setup solder mask min width; error
    @(84.0343 mm, 113.2600 mm): Pad 45 [/UP_D-] of U2 on F.Cu
    @(83.6343 mm, 113.2600 mm): Pad 46 [/UP_D+] of U2 on F.Cu
[solder_mask_bridge]: Front solder mask aperture bridges items with different nets
    Rule: board setup solder mask min width; error
    @(83.6343 mm, 113.2600 mm): Pad 46 [/UP_D+] of U2 on F.Cu
    @(83.2343 mm, 113.2600 mm): Pad 47 [/UP_TX+] of U2 on F.Cu
[solder_mask_bridge]: Front solder mask aperture bridges items with different nets
    Rule: board setup solder mask min width; error
    @(83.2343 mm, 113.2600 mm): Pad 47 [/UP_TX+] of U2 on F.Cu
    @(82.8343 mm, 113.2600 mm): Pad 48 [/UP_TX-] of U2 on F.Cu
[solder_mask_bridge]: Front solder mask aperture bridges items with different nets
    Rule: board setup solder mask min width; error
    @(82.8343 mm, 113.2600 mm): Pad 48 [/UP_TX-] of U2 on F.Cu
    @(82.4343 mm, 113.2600 mm): Pad 49 [VDD12] of U2 on F.Cu
[solder_mask_bridge]: Front solder mask aperture bridges items with different nets
    Rule: board setup solder mask min width; error
    @(82.4343 mm, 113.2600 mm): Pad 49 [VDD12] of U2 on F.Cu
    @(82.0343 mm, 113.2600 mm): Pad 50 [/UP_RX+] of U2 on F.Cu
[solder_mask_bridge]: Front solder mask aperture bridges items with different nets
    Rule: board setup solder mask min width; error
    @(82.0343 mm, 113.2600 mm): Pad 50 [/UP_RX+] of U2 on F.Cu
    @(81.6343 mm, 113.2600 mm): Pad 51 [/UP_RX-] of U2 on F.Cu
[solder_mask_bridge]: Front solder mask aperture bridges items with different nets
    Rule: board setup solder mask min width; error
    @(81.6343 mm, 113.2600 mm): Pad 51 [/UP_RX-] of U2 on F.Cu
    @(81.2343 mm, 113.2600 mm): Pad 52 [unconnected-(U2-ATEST-Pad52)] of U2 on F.Cu
[solder_mask_bridge]: Front solder mask aperture bridges items with different nets
    Rule: board setup solder mask min width; error
    @(81.2343 mm, 113.2600 mm): Pad 52 [unconnected-(U2-ATEST-Pad52)] of U2 on F.Cu
    @(80.8343 mm, 113.2600 mm): Pad 53 [Net-(U2-XTALO)] of U2 on F.Cu
[solder_mask_bridge]: Front solder mask aperture bridges items with different nets
    Rule: board setup solder mask min width; error
    @(80.8343 mm, 113.2600 mm): Pad 53 [Net-(U2-XTALO)] of U2 on F.Cu
    @(80.4343 mm, 113.2600 mm): Pad 54 [Net-(U2-XTALI/CLK_IN)] of U2 on F.Cu
[solder_mask_bridge]: Front solder mask aperture bridges items with different nets
    Rule: board setup solder mask min width; error
    @(80.4343 mm, 113.2600 mm): Pad 54 [Net-(U2-XTALI/CLK_IN)] of U2 on F.Cu
    @(80.0343 mm, 113.2600 mm): Pad 55 [VDD33] of U2 on F.Cu
[solder_mask_bridge]: Front solder mask aperture bridges items with different nets
    Rule: board setup solder mask min width; error
    @(80.0343 mm, 113.2600 mm): Pad 55 [VDD33] of U2 on F.Cu
    @(79.6343 mm, 113.2600 mm): Pad 56 [Net-(U2-RBIAS)] of U2 on F.Cu
[solder_mask_bridge]: Front solder mask aperture bridges items with different nets
    Rule: board setup solder mask min width; error
    @(38.1000 mm, 98.7300 mm): Pad 1 [GND] of J3 on F.Cu
    @(38.1000 mm, 98.2300 mm): Pad 2 [/CSI_D0-] of J3 on F.Cu
[solder_mask_bridge]: Front solder mask aperture bridges items with different nets
    Rule: board setup solder mask min width; error
    @(38.1000 mm, 98.2300 mm): Pad 2 [/CSI_D0-] of J3 on F.Cu
    @(38.1000 mm, 97.7300 mm): Pad 3 [/CSI_D0+] of J3 on F.Cu
[solder_mask_bridge]: Front solder mask aperture bridges items with different nets
    Rule: board setup solder mask min width; error
    @(38.1000 mm, 97.7300 mm): Pad 3 [/CSI_D0+] of J3 on F.Cu
    @(38.1000 mm, 97.2300 mm): Pad 4 [GND] of J3 on F.Cu
[solder_mask_bridge]: Front solder mask aperture bridges items with different nets
    Rule: board setup solder mask min width; error
    @(38.1000 mm, 97.2300 mm): Pad 4 [GND] of J3 on F.Cu
    @(38.1000 mm, 96.7300 mm): Pad 5 [/CSI_D1-] of J3 on F.Cu
[solder_mask_bridge]: Front solder mask aperture bridges items with different nets
    Rule: board setup solder mask min width; error
    @(38.1000 mm, 96.7300 mm): Pad 5 [/CSI_D1-] of J3 on F.Cu
    @(38.1000 mm, 96.2300 mm): Pad 6 [/CSI_D1+] of J3 on F.Cu
[solder_mask_bridge]: Front solder mask aperture bridges items with different nets
    Rule: board setup solder mask min width; error
    @(38.1000 mm, 96.2300 mm): Pad 6 [/CSI_D1+] of J3 on F.Cu
    @(38.1000 mm, 95.7300 mm): Pad 7 [GND] of J3 on F.Cu
[solder_mask_bridge]: Front solder mask aperture bridges items with different nets
    Rule: board setup solder mask min width; error
    @(38.1000 mm, 95.7300 mm): Pad 7 [GND] of J3 on F.Cu
    @(38.1000 mm, 95.2300 mm): Pad 8 [/CSI_CK-] of J3 on F.Cu
[solder_mask_bridge]: Front solder mask aperture bridges items with different nets
    Rule: board setup solder mask min width; error
    @(38.1000 mm, 95.2300 mm): Pad 8 [/CSI_CK-] of J3 on F.Cu
    @(38.1000 mm, 94.7300 mm): Pad 9 [/CSI_CK+] of J3 on F.Cu
[solder_mask_bridge]: Front solder mask aperture bridges items with different nets
    Rule: board setup solder mask min width; error
    @(38.1000 mm, 94.7300 mm): Pad 9 [/CSI_CK+] of J3 on F.Cu
    @(38.1000 mm, 94.2300 mm): Pad 10 [GND] of J3 on F.Cu
[solder_mask_bridge]: Front solder mask aperture bridges items with different nets
    Rule: board setup solder mask min width; error
    @(38.1000 mm, 94.2300 mm): Pad 10 [GND] of J3 on F.Cu
    @(38.1000 mm, 93.7300 mm): Pad 11 [/CSI_D2-] of J3 on F.Cu
[solder_mask_bridge]: Front solder mask aperture bridges items with different nets
    Rule: board setup solder mask min width; error
    @(38.1000 mm, 93.7300 mm): Pad 11 [/CSI_D2-] of J3 on F.Cu
    @(38.1000 mm, 93.2300 mm): Pad 12 [/CSI_D2+] of J3 on F.Cu
[solder_mask_bridge]: Front solder mask aperture bridges items with different nets
    Rule: board setup solder mask min width; error
    @(38.1000 mm, 93.2300 mm): Pad 12 [/CSI_D2+] of J3 on F.Cu
    @(38.1000 mm, 92.7300 mm): Pad 13 [GND] of J3 on F.Cu
[solder_mask_bridge]: Front solder mask aperture bridges items with different nets
    Rule: board setup solder mask min width; error
    @(38.1000 mm, 92.7300 mm): Pad 13 [GND] of J3 on F.Cu
    @(38.1000 mm, 92.2300 mm): Pad 14 [/CSI_D3-] of J3 on F.Cu
[solder_mask_bridge]: Front solder mask aperture bridges items with different nets
    Rule: board setup solder mask min width; error
    @(38.1000 mm, 92.2300 mm): Pad 14 [/CSI_D3-] of J3 on F.Cu
    @(38.1000 mm, 91.7300 mm): Pad 15 [/CSI_D3+] of J3 on F.Cu
[solder_mask_bridge]: Front solder mask aperture bridges items with different nets
    Rule: board setup solder mask min width; error
    @(38.1000 mm, 91.7300 mm): Pad 15 [/CSI_D3+] of J3 on F.Cu
    @(38.1000 mm, 91.2300 mm): Pad 16 [GND] of J3 on F.Cu
[solder_mask_bridge]: Front solder mask aperture bridges items with different nets
    Rule: board setup solder mask min width; error
    @(38.1000 mm, 91.2300 mm): Pad 16 [GND] of J3 on F.Cu
    @(38.1000 mm, 90.7300 mm): Pad 17 [/CAM_EN] of J3 on F.Cu
[solder_mask_bridge]: Front solder mask aperture bridges items with different nets
    Rule: board setup solder mask min width; error
    @(38.1000 mm, 90.7300 mm): Pad 17 [/CAM_EN] of J3 on F.Cu
    @(38.1000 mm, 90.2300 mm): Pad 18 [unconnected-(J3-Pad18)] of J3 on F.Cu
[solder_mask_bridge]: Front solder mask aperture bridges items with different nets
    Rule: board setup solder mask min width; error
    @(38.1000 mm, 90.2300 mm): Pad 18 [unconnected-(J3-Pad18)] of J3 on F.Cu
    @(38.1000 mm, 89.7300 mm): Pad 19 [GND] of J3 on F.Cu
[solder_mask_bridge]: Front solder mask aperture bridges items with different nets
    Rule: board setup solder mask min width; error
    @(38.1000 mm, 89.7300 mm): Pad 19 [GND] of J3 on F.Cu
    @(38.1000 mm, 89.2300 mm): Pad 20 [/SCL1] of J3 on F.Cu
[solder_mask_bridge]: Front solder mask aperture bridges items with different nets
    Rule: board setup solder mask min width; error
    @(38.1000 mm, 89.2300 mm): Pad 20 [/SCL1] of J3 on F.Cu
    @(38.1000 mm, 88.7300 mm): Pad 21 [/SDA1] of J3 on F.Cu
[solder_mask_bridge]: Front solder mask aperture bridges items with different nets
    Rule: board setup solder mask min width; error
    @(38.1000 mm, 88.7300 mm): Pad 21 [/SDA1] of J3 on F.Cu
    @(38.1000 mm, 88.2300 mm): Pad 22 [/3V3] of J3 on F.Cu
[solder_mask_bridge]: Front solder mask aperture bridges items with different nets
    Rule: board setup solder mask min width; error
    @(124.6513 mm, 128.3864 mm): Pad 1 [unconnected-(J8-~{WAKE}-Pad1)] of J8 on F.Cu
    @(124.6513 mm, 129.1864 mm): Pad 3 [unconnected-(J8-COEX1-Pad3)] of J8 on F.Cu
[solder_mask_bridge]: Front solder mask aperture bridges items with different nets
    Rule: board setup solder mask min width; error
    @(132.8513 mm, 128.7864 mm): Pad 2 [/VBUCK] of J8 on F.Cu
    @(132.8513 mm, 129.5864 mm): Pad 4 [GND] of J8 on F.Cu
[solder_mask_bridge]: Front solder mask aperture bridges items with different nets
    Rule: board setup solder mask min width; error
    @(124.6513 mm, 129.1864 mm): Pad 3 [unconnected-(J8-COEX1-Pad3)] of J8 on F.Cu
    @(124.6513 mm, 129.9864 mm): Pad 5 [unconnected-(J8-COEX2-Pad5)] of J8 on F.Cu
[solder_mask_bridge]: Front solder mask aperture bridges items with different nets
    Rule: board setup solder mask min width; error
    @(132.8513 mm, 129.5864 mm): Pad 4 [GND] of J8 on F.Cu
    @(132.8513 mm, 130.3864 mm): Pad 6 [unconnected-(J8-+1V5-Pad6)] of J8 on F.Cu
[solder_mask_bridge]: Front solder mask aperture bridges items with different nets
    Rule: board setup solder mask min width; error
    @(124.6513 mm, 129.9864 mm): Pad 5 [unconnected-(J8-COEX2-Pad5)] of J8 on F.Cu
    @(124.6513 mm, 130.7864 mm): Pad 7 [unconnected-(J8-~{CLKREQ}-Pad7)] of J8 on F.Cu
[solder_mask_bridge]: Front solder mask aperture bridges items with different nets
    Rule: board setup solder mask min width; error
    @(132.8513 mm, 130.3864 mm): Pad 6 [unconnected-(J8-+1V5-Pad6)] of J8 on F.Cu
    @(132.8513 mm, 131.1864 mm): Pad 8 [/SIM_VCC] of J8 on F.Cu
[solder_mask_bridge]: Front solder mask aperture bridges items with different nets
    Rule: board setup solder mask min width; error
    @(124.6513 mm, 130.7864 mm): Pad 7 [unconnected-(J8-~{CLKREQ}-Pad7)] of J8 on F.Cu
    @(124.6513 mm, 131.5864 mm): Pad 9 [GND] of J8 on F.Cu
[solder_mask_bridge]: Front solder mask aperture bridges items with different nets
    Rule: board setup solder mask min width; error
    @(132.8513 mm, 131.1864 mm): Pad 8 [/SIM_VCC] of J8 on F.Cu
    @(132.8513 mm, 131.9864 mm): Pad 10 [/SIM_DT] of J8 on F.Cu
[solder_mask_bridge]: Front solder mask aperture bridges items with different nets
    Rule: board setup solder mask min width; error
    @(124.6513 mm, 131.5864 mm): Pad 9 [GND] of J8 on F.Cu
    @(124.6513 mm, 132.3864 mm): Pad 11 [/SOC_GPIO_101_PPS] of J8 on F.Cu
[solder_mask_bridge]: Front solder mask aperture bridges items with different nets
    Rule: board setup solder mask min width; error
    @(132.8513 mm, 131.9864 mm): Pad 10 [/SIM_DT] of J8 on F.Cu
    @(132.8513 mm, 132.7864 mm): Pad 12 [/SIM_CLK] of J8 on F.Cu
[solder_mask_bridge]: Front solder mask aperture bridges items with different nets
    Rule: board setup solder mask min width; error
    @(124.6513 mm, 132.3864 mm): Pad 11 [/SOC_GPIO_101_PPS] of J8 on F.Cu
    @(124.6513 mm, 133.1864 mm): Pad 13 [unconnected-(J8-REFCLK+-Pad13)] of J8 on F.Cu
[solder_mask_bridge]: Front solder mask aperture bridges items with different nets
    Rule: board setup solder mask min width; error
    @(132.8513 mm, 132.7864 mm): Pad 12 [/SIM_CLK] of J8 on F.Cu
    @(132.8513 mm, 133.5864 mm): Pad 14 [/SIM_RST] of J8 on F.Cu
[solder_mask_bridge]: Front solder mask aperture bridges items with different nets
    Rule: board setup solder mask min width; error
    @(124.6513 mm, 133.1864 mm): Pad 13 [unconnected-(J8-REFCLK+-Pad13)] of J8 on F.Cu
    @(124.6513 mm, 133.9864 mm): Pad 15 [GND] of J8 on F.Cu
[solder_mask_bridge]: Front solder mask aperture bridges items with different nets
    Rule: board setup solder mask min width; error
    @(132.8513 mm, 133.5864 mm): Pad 14 [/SIM_RST] of J8 on F.Cu
    @(132.8513 mm, 134.3864 mm): Pad 16 [/SIM_VPP] of J8 on F.Cu
[solder_mask_bridge]: Front solder mask aperture bridges items with different nets
    Rule: board setup solder mask min width; error
    @(124.6513 mm, 137.9864 mm): Pad 17 [unconnected-(J8-UIM_C8-Pad17)] of J8 on F.Cu
    @(124.6513 mm, 138.7864 mm): Pad 19 [unconnected-(J8-UIM_C4-Pad19)] of J8 on F.Cu
[solder_mask_bridge]: Front solder mask aperture bridges items with different nets
    Rule: board setup solder mask min width; error
    @(132.8513 mm, 138.3864 mm): Pad 18 [GND] of J8 on F.Cu
    @(132.8513 mm, 139.1864 mm): Pad 20 [Net-(J8-~{W_DISABLE})] of J8 on F.Cu
[solder_mask_bridge]: Front solder mask aperture bridges items with different nets
    Rule: board setup solder mask min width; error
    @(124.6513 mm, 138.7864 mm): Pad 19 [unconnected-(J8-UIM_C4-Pad19)] of J8 on F.Cu
    @(124.6513 mm, 139.5864 mm): Pad 21 [GND] of J8 on F.Cu
[solder_mask_bridge]: Front solder mask aperture bridges items with different nets
    Rule: board setup solder mask min width; error
    @(132.8513 mm, 139.1864 mm): Pad 20 [Net-(J8-~{W_DISABLE})] of J8 on F.Cu
    @(132.8513 mm, 139.9864 mm): Pad 22 [/VBUCK] of J8 on F.Cu
[solder_mask_bridge]: Front solder mask aperture bridges items with different nets
    Rule: board setup solder mask min width; error
    @(124.6513 mm, 139.5864 mm): Pad 21 [GND] of J8 on F.Cu
    @(124.6513 mm, 140.3864 mm): Pad 23 [unconnected-(J8-PERn0-Pad23)] of J8 on F.Cu
[solder_mask_bridge]: Front solder mask aperture bridges items with different nets
    Rule: board setup solder mask min width; error
    @(124.6513 mm, 140.3864 mm): Pad 23 [unconnected-(J8-PERn0-Pad23)] of J8 on F.Cu
    @(124.6513 mm, 141.1864 mm): Pad 25 [unconnected-(J8-PERp0-Pad25)] of J8 on F.Cu
[solder_mask_bridge]: Front solder mask aperture bridges items with different nets
    Rule: board setup solder mask min width; error
    @(132.8513 mm, 140.7864 mm): Pad 24 [/VBUCK] of J8 on F.Cu
    @(132.8513 mm, 141.5864 mm): Pad 26 [GND] of J8 on F.Cu
[solder_mask_bridge]: Front solder mask aperture bridges items with different nets
    Rule: board setup solder mask min width; error
    @(124.6513 mm, 141.1864 mm): Pad 25 [unconnected-(J8-PERp0-Pad25)] of J8 on F.Cu
    @(124.6513 mm, 141.9864 mm): Pad 27 [GND] of J8 on F.Cu
[solder_mask_bridge]: Front solder mask aperture bridges items with different nets
    Rule: board setup solder mask min width; error
    @(132.8513 mm, 141.5864 mm): Pad 26 [GND] of J8 on F.Cu
    @(132.8513 mm, 142.3864 mm): Pad 28 [unconnected-(J8-+1V5-Pad28)] of J8 on F.Cu
[solder_mask_bridge]: Front solder mask aperture bridges items with different nets
    Rule: board setup solder mask min width; error
    @(132.8513 mm, 142.3864 mm): Pad 28 [unconnected-(J8-+1V5-Pad28)] of J8 on F.Cu
    @(132.8513 mm, 143.1864 mm): Pad 30 [unconnected-(J8-SMB_CLK-Pad30)] of J8 on F.Cu
[solder_mask_bridge]: Front solder mask aperture bridges items with different nets
    Rule: board setup solder mask min width; error
    @(124.6513 mm, 142.7864 mm): Pad 29 [GND] of J8 on F.Cu
    @(124.6513 mm, 143.5864 mm): Pad 31 [unconnected-(J8-PETn0-Pad31)] of J8 on F.Cu
[solder_mask_bridge]: Front solder mask aperture bridges items with different nets
    Rule: board setup solder mask min width; error
    @(132.8513 mm, 143.1864 mm): Pad 30 [unconnected-(J8-SMB_CLK-Pad30)] of J8 on F.Cu
    @(132.8513 mm, 143.9864 mm): Pad 32 [unconnected-(J8-SMB_DATA-Pad32)] of J8 on F.Cu
[solder_mask_bridge]: Front solder mask aperture bridges items with different nets
    Rule: board setup solder mask min width; error
    @(124.6513 mm, 143.5864 mm): Pad 31 [unconnected-(J8-PETn0-Pad31)] of J8 on F.Cu
    @(124.6513 mm, 144.3864 mm): Pad 33 [unconnected-(J8-PETp0-Pad33)] of J8 on F.Cu
[solder_mask_bridge]: Front solder mask aperture bridges items with different nets
    Rule: board setup solder mask min width; error
    @(132.8513 mm, 143.9864 mm): Pad 32 [unconnected-(J8-SMB_DATA-Pad32)] of J8 on F.Cu
    @(132.8513 mm, 144.7864 mm): Pad 34 [GND] of J8 on F.Cu
[solder_mask_bridge]: Front solder mask aperture bridges items with different nets
    Rule: board setup solder mask min width; error
    @(124.6513 mm, 144.3864 mm): Pad 33 [unconnected-(J8-PETp0-Pad33)] of J8 on F.Cu
    @(124.6513 mm, 145.1864 mm): Pad 35 [GND] of J8 on F.Cu
[solder_mask_bridge]: Front solder mask aperture bridges items with different nets
    Rule: board setup solder mask min width; error
    @(132.8513 mm, 144.7864 mm): Pad 34 [GND] of J8 on F.Cu
    @(132.8513 mm, 145.5864 mm): Pad 36 [/LTE_D-] of J8 on F.Cu
[solder_mask_bridge]: Front solder mask aperture bridges items with different nets
    Rule: board setup solder mask min width; error
    @(132.8513 mm, 145.5864 mm): Pad 36 [/LTE_D-] of J8 on F.Cu
    @(132.8513 mm, 146.3864 mm): Pad 38 [/LTE_D+] of J8 on F.Cu
[solder_mask_bridge]: Front solder mask aperture bridges items with different nets
    Rule: board setup solder mask min width; error
    @(124.6513 mm, 145.9864 mm): Pad 37 [GND] of J8 on F.Cu
    @(124.6513 mm, 146.7864 mm): Pad 39 [/VBUCK] of J8 on F.Cu
[solder_mask_bridge]: Front solder mask aperture bridges items with different nets
    Rule: board setup solder mask min width; error
    @(132.8513 mm, 146.3864 mm): Pad 38 [/LTE_D+] of J8 on F.Cu
    @(132.8513 mm, 147.1864 mm): Pad 40 [GND] of J8 on F.Cu
[solder_mask_bridge]: Front solder mask aperture bridges items with different nets
    Rule: board setup solder mask min width; error
    @(132.8513 mm, 147.1864 mm): Pad 40 [GND] of J8 on F.Cu
    @(132.8513 mm, 147.9864 mm): Pad 42 [unconnected-(J8-~{LED_WWAN}-Pad42)] of J8 on F.Cu
[solder_mask_bridge]: Front solder mask aperture bridges items with different nets
    Rule: board setup solder mask min width; error
    @(124.6513 mm, 147.5864 mm): Pad 41 [/VBUCK] of J8 on F.Cu
    @(124.6513 mm, 148.3864 mm): Pad 43 [GND] of J8 on F.Cu
[solder_mask_bridge]: Front solder mask aperture bridges items with different nets
    Rule: board setup solder mask min width; error
    @(132.8513 mm, 147.9864 mm): Pad 42 [unconnected-(J8-~{LED_WWAN}-Pad42)] of J8 on F.Cu
    @(132.8513 mm, 148.7864 mm): Pad 44 [unconnected-(J8-~{LED_WLAN}-Pad44)] of J8 on F.Cu
[solder_mask_bridge]: Front solder mask aperture bridges items with different nets
    Rule: board setup solder mask min width; error
    @(124.6513 mm, 148.3864 mm): Pad 43 [GND] of J8 on F.Cu
    @(124.6513 mm, 149.1864 mm): Pad 45 [unconnected-(J8-Reserved-Pad45)] of J8 on F.Cu
[solder_mask_bridge]: Front solder mask aperture bridges items with different nets
    Rule: board setup solder mask min width; error
    @(132.8513 mm, 148.7864 mm): Pad 44 [unconnected-(J8-~{LED_WLAN}-Pad44)] of J8 on F.Cu
    @(132.8513 mm, 149.5864 mm): Pad 46 [unconnected-(J8-~{LED_WPAN}-Pad46)] of J8 on F.Cu
[solder_mask_bridge]: Front solder mask aperture bridges items with different nets
    Rule: board setup solder mask min width; error
    @(124.6513 mm, 149.1864 mm): Pad 45 [unconnected-(J8-Reserved-Pad45)] of J8 on F.Cu
    @(124.6513 mm, 149.9864 mm): Pad 47 [unconnected-(J8-Reserved-Pad47)] of J8 on F.Cu
[solder_mask_bridge]: Front solder mask aperture bridges items with different nets
    Rule: board setup solder mask min width; error
    @(132.8513 mm, 149.5864 mm): Pad 46 [unconnected-(J8-~{LED_WPAN}-Pad46)] of J8 on F.Cu
    @(132.8513 mm, 150.3864 mm): Pad 48 [unconnected-(J8-+1V5-Pad48)] of J8 on F.Cu
[solder_mask_bridge]: Front solder mask aperture bridges items with different nets
    Rule: board setup solder mask min width; error
    @(124.6513 mm, 149.9864 mm): Pad 47 [unconnected-(J8-Reserved-Pad47)] of J8 on F.Cu
    @(124.6513 mm, 150.7864 mm): Pad 49 [unconnected-(J8-Reserved-Pad49)] of J8 on F.Cu
[solder_mask_bridge]: Front solder mask aperture bridges items with different nets
    Rule: board setup solder mask min width; error
    @(132.8513 mm, 150.3864 mm): Pad 48 [unconnected-(J8-+1V5-Pad48)] of J8 on F.Cu
    @(132.8513 mm, 151.1864 mm): Pad 50 [GND] of J8 on F.Cu
[solder_mask_bridge]: Front solder mask aperture bridges items with different nets
    Rule: board setup solder mask min width; error
    @(124.6513 mm, 150.7864 mm): Pad 49 [unconnected-(J8-Reserved-Pad49)] of J8 on F.Cu
    @(124.6513 mm, 151.5864 mm): Pad 51 [GND] of J8 on F.Cu
[solder_mask_bridge]: Front solder mask aperture bridges items with different nets
    Rule: board setup solder mask min width; error
    @(132.8513 mm, 151.1864 mm): Pad 50 [GND] of J8 on F.Cu
    @(132.8513 mm, 151.9864 mm): Pad 52 [/VBUCK] of J8 on F.Cu
[solder_mask_bridge]: Rear solder mask aperture bridges items with different nets
    Rule: board setup solder mask min width; error
    @(38.1100 mm, 68.7400 mm): Pad 1 [GND] of J4 on B.Cu
    @(38.1100 mm, 69.2400 mm): Pad 2 [/DSI_D0-] of J4 on B.Cu
[solder_mask_bridge]: Rear solder mask aperture bridges items with different nets
    Rule: board setup solder mask min width; error
    @(38.1100 mm, 69.2400 mm): Pad 2 [/DSI_D0-] of J4 on B.Cu
    @(38.1100 mm, 69.7400 mm): Pad 3 [/DSI_D0+] of J4 on B.Cu
[solder_mask_bridge]: Rear solder mask aperture bridges items with different nets
    Rule: board setup solder mask min width; error
    @(38.1100 mm, 69.7400 mm): Pad 3 [/DSI_D0+] of J4 on B.Cu
    @(38.1100 mm, 70.2400 mm): Pad 4 [GND] of J4 on B.Cu
[solder_mask_bridge]: Rear solder mask aperture bridges items with different nets
    Rule: board setup solder mask min width; error
    @(38.1100 mm, 70.2400 mm): Pad 4 [GND] of J4 on B.Cu
    @(38.1100 mm, 70.7400 mm): Pad 5 [/DSI_D1-] of J4 on B.Cu
[solder_mask_bridge]: Rear solder mask aperture bridges items with different nets
    Rule: board setup solder mask min width; error
    @(38.1100 mm, 70.7400 mm): Pad 5 [/DSI_D1-] of J4 on B.Cu
    @(38.1100 mm, 71.2400 mm): Pad 6 [/DSI_D1+] of J4 on B.Cu
[solder_mask_bridge]: Rear solder mask aperture bridges items with different nets
    Rule: board setup solder mask min width; error
    @(38.1100 mm, 71.2400 mm): Pad 6 [/DSI_D1+] of J4 on B.Cu
    @(38.1100 mm, 71.7400 mm): Pad 7 [GND] of J4 on B.Cu
[solder_mask_bridge]: Rear solder mask aperture bridges items with different nets
    Rule: board setup solder mask min width; error
    @(38.1100 mm, 71.7400 mm): Pad 7 [GND] of J4 on B.Cu
    @(38.1100 mm, 72.2400 mm): Pad 8 [/DSI_CK-] of J4 on B.Cu
[solder_mask_bridge]: Rear solder mask aperture bridges items with different nets
    Rule: board setup solder mask min width; error
    @(38.1100 mm, 72.2400 mm): Pad 8 [/DSI_CK-] of J4 on B.Cu
    @(38.1100 mm, 72.7400 mm): Pad 9 [/DSI_CK+] of J4 on B.Cu
[solder_mask_bridge]: Rear solder mask aperture bridges items with different nets
    Rule: board setup solder mask min width; error
    @(38.1100 mm, 72.7400 mm): Pad 9 [/DSI_CK+] of J4 on B.Cu
    @(38.1100 mm, 73.2400 mm): Pad 10 [GND] of J4 on B.Cu
[solder_mask_bridge]: Rear solder mask aperture bridges items with different nets
    Rule: board setup solder mask min width; error
    @(38.1100 mm, 73.2400 mm): Pad 10 [GND] of J4 on B.Cu
    @(38.1100 mm, 73.7400 mm): Pad 11 [/DSI_D2-] of J4 on B.Cu
[solder_mask_bridge]: Rear solder mask aperture bridges items with different nets
    Rule: board setup solder mask min width; error
    @(38.1100 mm, 73.7400 mm): Pad 11 [/DSI_D2-] of J4 on B.Cu
    @(38.1100 mm, 74.2400 mm): Pad 12 [/DSI_D2+] of J4 on B.Cu
[solder_mask_bridge]: Rear solder mask aperture bridges items with different nets
    Rule: board setup solder mask min width; error
    @(38.1100 mm, 74.2400 mm): Pad 12 [/DSI_D2+] of J4 on B.Cu
    @(38.1100 mm, 74.7400 mm): Pad 13 [GND] of J4 on B.Cu
[solder_mask_bridge]: Rear solder mask aperture bridges items with different nets
    Rule: board setup solder mask min width; error
    @(38.1100 mm, 74.7400 mm): Pad 13 [GND] of J4 on B.Cu
    @(38.1100 mm, 75.2400 mm): Pad 14 [/DSI_D3-] of J4 on B.Cu
[solder_mask_bridge]: Rear solder mask aperture bridges items with different nets
    Rule: board setup solder mask min width; error
    @(38.1100 mm, 75.2400 mm): Pad 14 [/DSI_D3-] of J4 on B.Cu
    @(38.1100 mm, 75.7400 mm): Pad 15 [/DSI_D3+] of J4 on B.Cu
[solder_mask_bridge]: Rear solder mask aperture bridges items with different nets
    Rule: board setup solder mask min width; error
    @(38.1100 mm, 75.7400 mm): Pad 15 [/DSI_D3+] of J4 on B.Cu
    @(38.1100 mm, 76.2400 mm): Pad 16 [GND] of J4 on B.Cu
[solder_mask_bridge]: Rear solder mask aperture bridges items with different nets
    Rule: board setup solder mask min width; error
    @(38.1100 mm, 76.2400 mm): Pad 16 [GND] of J4 on B.Cu
    @(38.1100 mm, 76.7400 mm): Pad 17 [unconnected-(J4-Pad17)] of J4 on B.Cu
[solder_mask_bridge]: Rear solder mask aperture bridges items with different nets
    Rule: board setup solder mask min width; error
    @(38.1100 mm, 76.7400 mm): Pad 17 [unconnected-(J4-Pad17)] of J4 on B.Cu
    @(38.1100 mm, 77.2400 mm): Pad 18 [unconnected-(J4-Pad18)] of J4 on B.Cu
[solder_mask_bridge]: Rear solder mask aperture bridges items with different nets
    Rule: board setup solder mask min width; error
    @(38.1100 mm, 77.2400 mm): Pad 18 [unconnected-(J4-Pad18)] of J4 on B.Cu
    @(38.1100 mm, 77.7400 mm): Pad 19 [unconnected-(J4-Pad19)] of J4 on B.Cu
[solder_mask_bridge]: Rear solder mask aperture bridges items with different nets
    Rule: board setup solder mask min width; error
    @(38.1100 mm, 77.7400 mm): Pad 19 [unconnected-(J4-Pad19)] of J4 on B.Cu
    @(38.1100 mm, 78.2400 mm): Pad 20 [/SCL1] of J4 on B.Cu
[solder_mask_bridge]: Rear solder mask aperture bridges items with different nets
    Rule: board setup solder mask min width; error
    @(38.1100 mm, 78.2400 mm): Pad 20 [/SCL1] of J4 on B.Cu
    @(38.1100 mm, 78.7400 mm): Pad 21 [/SDA1] of J4 on B.Cu
[solder_mask_bridge]: Rear solder mask aperture bridges items with different nets
    Rule: board setup solder mask min width; error
    @(38.1100 mm, 78.7400 mm): Pad 21 [/SDA1] of J4 on B.Cu
    @(38.1100 mm, 79.2400 mm): Pad 22 [/3V3] of J4 on B.Cu

** Found 153 unconnected pads **
[unconnected_items]: Missing connection between items
    Local override; error
    @(34.8400 mm, 103.9400 mm): Pad 1 [GND] of C2 on F.Cu
    @(37.1500 mm, 103.9700 mm): Pad 1 [GND] of C1 on F.Cu
[unconnected_items]: Missing connection between items
    Local override; error
    @(35.4000 mm, 85.9300 mm): Pad P2 [GND] of J3 on F.Cu
    @(38.1000 mm, 89.7300 mm): Pad 19 [GND] of J3 on F.Cu
[unconnected_items]: Missing connection between items
    Local override; error
    @(35.4000 mm, 101.0300 mm): Pad P1 [GND] of J3 on F.Cu
    @(34.8400 mm, 103.9400 mm): Pad 1 [GND] of C2 on F.Cu
[unconnected_items]: Missing connection between items
    Local override; error
    @(35.4000 mm, 101.0300 mm): Pad P1 [GND] of J3 on F.Cu
    @(38.1000 mm, 98.7300 mm): Pad 1 [GND] of J3 on F.Cu
[unconnected_items]: Missing connection between items
    Local override; error
    @(35.4100 mm, 81.5400 mm): Pad P2 [GND] of J4 on B.Cu
    @(35.4000 mm, 85.9300 mm): Pad P2 [GND] of J3 on F.Cu
[unconnected_items]: Missing connection between items
    Local override; error
    @(35.7950 mm, 145.6900 mm): PTH pad 10 [GND] of J9
    @(35.7950 mm, 151.8900 mm): Pad 10 [GND] of J9 on F.Cu
[unconnected_items]: Missing connection between items
    Local override; error
    @(37.1500 mm, 103.9700 mm): Pad 1 [GND] of C1 on F.Cu
    @(43.3558 mm, 105.7819 mm): Pad 2 [GND] of U1 on F.Cu
[unconnected_items]: Missing connection between items
    Local override; error
    @(38.1000 mm, 89.7300 mm): Pad 19 [GND] of J3 on F.Cu
    @(38.1000 mm, 91.2300 mm): Pad 16 [GND] of J3 on F.Cu
[unconnected_items]: Missing connection between items
    Local override; error
    @(38.1000 mm, 91.2300 mm): Pad 16 [GND] of J3 on F.Cu
    @(38.1000 mm, 92.7300 mm): Pad 13 [GND] of J3 on F.Cu
[unconnected_items]: Missing connection between items
    Local override; error
    @(38.1000 mm, 92.7300 mm): Pad 13 [GND] of J3 on F.Cu
    @(38.1000 mm, 94.2300 mm): Pad 10 [GND] of J3 on F.Cu
[unconnected_items]: Missing connection between items
    Local override; error
    @(38.1000 mm, 95.7300 mm): Pad 7 [GND] of J3 on F.Cu
    @(38.1000 mm, 94.2300 mm): Pad 10 [GND] of J3 on F.Cu
[unconnected_items]: Missing connection between items
    Local override; error
    @(38.1000 mm, 95.7300 mm): Pad 7 [GND] of J3 on F.Cu
    @(38.1000 mm, 97.2300 mm): Pad 4 [GND] of J3 on F.Cu
[unconnected_items]: Missing connection between items
    Local override; error
    @(38.1000 mm, 98.7300 mm): Pad 1 [GND] of J3 on F.Cu
    @(38.1000 mm, 97.2300 mm): Pad 4 [GND] of J3 on F.Cu
[unconnected_items]: Missing connection between items
    Local override; error
    @(38.1100 mm, 68.7400 mm): Pad 1 [GND] of J4 on B.Cu
    @(38.1100 mm, 70.2400 mm): Pad 4 [GND] of J4 on B.Cu
[unconnected_items]: Missing connection between items
    Local override; error
    @(38.1100 mm, 68.7400 mm): Pad 1 [GND] of J4 on B.Cu
    @(35.4100 mm, 66.4400 mm): Pad P1 [GND] of J4 on B.Cu
[unconnected_items]: Missing connection between items
    Local override; error
    @(38.1100 mm, 71.7400 mm): Pad 7 [GND] of J4 on B.Cu
    @(38.1100 mm, 70.2400 mm): Pad 4 [GND] of J4 on B.Cu
[unconnected_items]: Missing connection between items
    Local override; error
    @(38.1100 mm, 73.2400 mm): Pad 10 [GND] of J4 on B.Cu
    @(38.1100 mm, 74.7400 mm): Pad 13 [GND] of J4 on B.Cu
[unconnected_items]: Missing connection between items
    Local override; error
    @(38.1100 mm, 73.2400 mm): Pad 10 [GND] of J4 on B.Cu
    @(38.1100 mm, 71.7400 mm): Pad 7 [GND] of J4 on B.Cu
[unconnected_items]: Missing connection between items
    Local override; error
    @(38.1100 mm, 74.7400 mm): Pad 13 [GND] of J4 on B.Cu
    @(38.1100 mm, 76.2400 mm): Pad 16 [GND] of J4 on B.Cu
[unconnected_items]: Missing connection between items
    Local override; error
    @(38.1100 mm, 76.2400 mm): Pad 16 [GND] of J4 on B.Cu
    @(35.4100 mm, 81.5400 mm): Pad P2 [GND] of J4 on B.Cu
[unconnected_items]: Missing connection between items
    Local override; error
    @(39.3500 mm, 129.8300 mm): Pad 3-GND [GND] of LED2 on F.Cu
    @(40.1700 mm, 119.5300 mm): Pad 1 [GND] of C33 on F.Cu
[unconnected_items]: Missing connection between items
    Local override; error
    @(40.1700 mm, 119.5300 mm): Pad 1 [GND] of C33 on F.Cu
    @(35.8700 mm, 119.4900 mm): Pad 1 [GND] of C36 on F.Cu
[unconnected_items]: Missing connection between items
    Local override; error
    @(42.1950 mm, 144.5400 mm): Pad 7 [GND] of J9 on F.Cu
    @(45.1950 mm, 144.5400 mm): Pad 4 [GND] of J9 on F.Cu
[unconnected_items]: Missing connection between items
    Local override; error
    @(46.0300 mm, 114.1200 mm): Pad 1 [GND] of C5 on F.Cu
    @(40.1700 mm, 119.5300 mm): Pad 1 [GND] of C33 on F.Cu
[unconnected_items]: Missing connection between items
    Local override; error
    @(46.0400 mm, 111.6900 mm): Pad 1 [GND] of C4 on F.Cu
    @(46.0300 mm, 114.1200 mm): Pad 1 [GND] of C5 on F.Cu
[unconnected_items]: Missing connection between items
    Local override; error
    @(46.0400 mm, 111.6900 mm): Pad 1 [GND] of C4 on F.Cu
    @(43.3558 mm, 105.7819 mm): Pad 2 [GND] of U1 on F.Cu
[unconnected_items]: Missing connection between items
    Local override; error
    @(48.5950 mm, 145.6900 mm): PTH pad 10 [GND] of J9
    @(45.1950 mm, 144.5400 mm): Pad 4 [GND] of J9 on F.Cu
[unconnected_items]: Missing connection between items
    Local override; error
    @(48.5950 mm, 151.8900 mm): Pad 10 [GND] of J9 on F.Cu
    @(48.5950 mm, 145.6900 mm): PTH pad 10 [GND] of J9
[unconnected_items]: Missing connection between items
    Local override; error
    @(53.5000 mm, 74.0000 mm): Pad 8 [GND] of J1 on F.Cu
    @(53.5000 mm, 70.1900 mm): Pad 2 [GND] of J1 on F.Cu
[unconnected_items]: Missing connection between items
    Local override; error
    @(53.5000 mm, 77.8100 mm): Pad 14 [GND] of J1 on F.Cu
    @(53.5000 mm, 81.6200 mm): Pad 20 [GND] of J1 on F.Cu
[unconnected_items]: Missing connection between items
    Local override; error
    @(53.5000 mm, 77.8100 mm): Pad 14 [GND] of J1 on F.Cu
    @(53.5000 mm, 74.0000 mm): Pad 8 [GND] of J1 on F.Cu
[unconnected_items]: Missing connection between items
    Local override; error
    @(53.5000 mm, 81.6200 mm): Pad 20 [GND] of J1 on F.Cu
    @(53.5000 mm, 85.4300 mm): Pad 26 [GND] of J1 on F.Cu
[unconnected_items]: Missing connection between items
    Local override; error
    @(53.5000 mm, 85.4300 mm): Pad 26 [GND] of J1 on F.Cu
    @(53.5000 mm, 89.2400 mm): Pad 32 [GND] of J1 on F.Cu
[unconnected_items]: Missing connection between items
    Local override; error
    @(53.5000 mm, 85.4300 mm): Pad 26 [GND] of J1 on F.Cu
    @(57.5640 mm, 85.4300 mm): Pad 25 [GND] of J1 on F.Cu
[unconnected_items]: Missing connection between items
    Local override; error
    @(53.5000 mm, 93.0500 mm): Pad 38 [GND] of J1 on F.Cu
    @(53.5000 mm, 89.2400 mm): Pad 32 [GND] of J1 on F.Cu
[unconnected_items]: Missing connection between items
    Local override; error
    @(53.5000 mm, 96.8600 mm): Pad 44 [GND] of J1 on F.Cu
    @(53.5000 mm, 93.0500 mm): Pad 38 [GND] of J1 on F.Cu
[unconnected_items]: Missing connection between items
    Local override; error
    @(53.5000 mm, 100.6700 mm): Pad 50 [GND] of J1 on F.Cu
    @(53.5000 mm, 96.8600 mm): Pad 44 [GND] of J1 on F.Cu
[unconnected_items]: Missing connection between items
    Local override; error
    @(53.5000 mm, 104.4800 mm): Pad 56 [GND] of J1 on F.Cu
    @(53.5000 mm, 100.6700 mm): Pad 50 [GND] of J1 on F.Cu
[unconnected_items]: Missing connection between items
    Local override; error
    @(53.5000 mm, 104.4800 mm): Pad 56 [GND] of J1 on F.Cu
    @(43.3558 mm, 105.7819 mm): Pad 2 [GND] of U1 on F.Cu
[unconnected_items]: Missing connection between items
    Local override; error
    @(55.1175 mm, 149.1725 mm): Pad 1 [GND] of R2 on F.Cu
    @(48.5950 mm, 151.8900 mm): Pad 10 [GND] of J9 on F.Cu
[unconnected_items]: Missing connection between items
    Local override; error
    @(56.7600 mm, 130.4000 mm): Pad 1 [GND] of C15 on F.Cu
    @(61.5369 mm, 130.3680 mm): Pad 1 [GND] of C17 on F.Cu
[unconnected_items]: Missing connection between items
    Local override; error
    @(57.5640 mm, 70.1900 mm): Pad 1 [GND] of J1 on F.Cu
    @(57.5640 mm, 74.0000 mm): Pad 7 [GND] of J1 on F.Cu
[unconnected_items]: Missing connection between items
    Local override; error
    @(57.5640 mm, 77.8100 mm): Pad 13 [GND] of J1 on F.Cu
    @(57.5640 mm, 74.0000 mm): Pad 7 [GND] of J1 on F.Cu
[unconnected_items]: Missing connection between items
    Local override; error
    @(57.5640 mm, 81.6200 mm): Pad 19 [GND] of J1 on F.Cu
    @(57.5640 mm, 77.8100 mm): Pad 13 [GND] of J1 on F.Cu
[unconnected_items]: Missing connection between items
    Local override; error
    @(57.5640 mm, 85.4300 mm): Pad 25 [GND] of J1 on F.Cu
    @(57.5640 mm, 81.6200 mm): Pad 19 [GND] of J1 on F.Cu
[unconnected_items]: Missing connection between items
    Local override; error
    @(57.5640 mm, 85.4300 mm): Pad 25 [GND] of J1 on F.Cu
    @(57.5640 mm, 89.2400 mm): Pad 31 [GND] of J1 on F.Cu
[unconnected_items]: Missing connection between items
    Local override; error
    @(57.5640 mm, 93.0500 mm): Pad 37 [GND] of J1 on F.Cu
    @(57.5640 mm, 96.8600 mm): Pad 43 [GND] of J1 on F.Cu
[unconnected_items]: Missing connection between items
    Local override; error
    @(57.5640 mm, 93.0500 mm): Pad 37 [GND] of J1 on F.Cu
    @(57.5640 mm, 89.2400 mm): Pad 31 [GND] of J1 on F.Cu
[unconnected_items]: Missing connection between items
    Local override; error
    @(57.5640 mm, 96.8600 mm): Pad 43 [GND] of J1 on F.Cu
    @(57.5640 mm, 100.6700 mm): Pad 49 [GND] of J1 on F.Cu
[unconnected_items]: Missing connection between items
    Local override; error
    @(57.5640 mm, 100.6700 mm): Pad 49 [GND] of J1 on F.Cu
    @(57.5640 mm, 104.4800 mm): Pad 55 [GND] of J1 on F.Cu
[unconnected_items]: Missing connection between items
    Local override; error
    @(61.1800 mm, 140.2600 mm): Pad 2 [GND] of U7 on F.Cu
    @(61.6369 mm, 133.8180 mm): Pad 1 [GND] of C16 on F.Cu
[unconnected_items]: Missing connection between items
    Local override; error
    @(61.5369 mm, 130.3680 mm): Pad 1 [GND] of C17 on F.Cu
    @(61.6369 mm, 133.8180 mm): Pad 1 [GND] of C16 on F.Cu
[unconnected_items]: Missing connection between items
    Local override; error
    @(62.6600 mm, 145.8100 mm): PTH pad 10 [GND] of J14
    @(61.1800 mm, 140.2600 mm): Pad 2 [GND] of U7 on F.Cu
[unconnected_items]: Missing connection between items
    Local override; error
    @(62.6600 mm, 145.8100 mm): PTH pad 10 [GND] of J14
    @(62.6600 mm, 152.0100 mm): Pad 10 [GND] of J14 on F.Cu
[unconnected_items]: Missing connection between items
    Local override; error
    @(66.6900 mm, 98.6300 mm): Pad 1 [GND] of C7 on F.Cu
    @(66.7200 mm, 96.2800 mm): Pad 1 [GND] of C8 on F.Cu
[unconnected_items]: Missing connection between items
    Local override; error
    @(66.6900 mm, 98.6300 mm): Pad 1 [GND] of C7 on F.Cu
    @(73.1247 mm, 105.4318 mm): Pad 1 [GND] of C6 on F.Cu
[unconnected_items]: Missing connection between items
    Local override; error
    @(66.7200 mm, 96.2800 mm): Pad 1 [GND] of C8 on F.Cu
    @(57.5640 mm, 96.8600 mm): Pad 43 [GND] of J1 on F.Cu
[unconnected_items]: Missing connection between items
    Local override; error
    @(69.0600 mm, 144.6600 mm): Pad 7 [GND] of J14 on F.Cu
    @(72.0600 mm, 144.6600 mm): Pad 4 [GND] of J14 on F.Cu
[unconnected_items]: Missing connection between items
    Local override; error
    @(70.6600 mm, 139.4550 mm): Pad 3 [GND] of D5 on F.Cu
    @(70.6600 mm, 138.6200 mm): Pad 8 [GND] of D5 on F.Cu
[unconnected_items]: Missing connection between items
    Local override; error
    @(70.6600 mm, 139.4550 mm): Pad 3 [GND] of D5 on F.Cu
    @(72.0600 mm, 144.6600 mm): Pad 4 [GND] of J14 on F.Cu
[unconnected_items]: Missing connection between items
    Local override; error
    @(72.7100 mm, 93.9800 mm): Pad 1 [GND] of U6 on F.Cu
    @(66.7200 mm, 96.2800 mm): Pad 1 [GND] of C8 on F.Cu
[unconnected_items]: Missing connection between items
    Local override; error
    @(72.7100 mm, 93.9800 mm): Pad 1 [GND] of U6 on F.Cu
    @(78.7100 mm, 86.6900 mm): Pad 1 [GND] of D2 on F.Cu
[unconnected_items]: Missing connection between items
    Local override; error
    @(73.1247 mm, 105.4318 mm): Pad 1 [GND] of C6 on F.Cu
    @(73.1550 mm, 108.1350 mm): Pad 1 [GND] of C3 on F.Cu
[unconnected_items]: Missing connection between items
    Local override; error
    @(73.2400 mm, 111.2700 mm): Pad 1 [GND] of R9 on F.Cu
    @(73.1550 mm, 108.1350 mm): Pad 1 [GND] of C3 on F.Cu
[unconnected_items]: Missing connection between items
    Local override; error
    @(75.4600 mm, 145.8100 mm): PTH pad 10 [GND] of J14
    @(72.0600 mm, 144.6600 mm): Pad 4 [GND] of J14 on F.Cu
[unconnected_items]: Missing connection between items
    Local override; error
    @(75.4600 mm, 145.8100 mm): PTH pad 10 [GND] of J14
    @(75.4600 mm, 152.0100 mm): Pad 10 [GND] of J14 on F.Cu
[unconnected_items]: Missing connection between items
    Local override; error
    @(78.0500 mm, 137.0700 mm): Pad 1 [GND] of C20 on F.Cu
    @(83.0700 mm, 139.5200 mm): Pad 2 [GND] of U8 on F.Cu
[unconnected_items]: Missing connection between items
    Local override; error
    @(78.0800 mm, 133.9300 mm): Pad 1 [GND] of C18 on F.Cu
    @(78.0500 mm, 137.0700 mm): Pad 1 [GND] of C20 on F.Cu
[unconnected_items]: Missing connection between items
    Local override; error
    @(81.7120 mm, 71.7781 mm): Pad 1 [GND] of R11 on F.Cu
    @(85.0896 mm, 71.7770 mm): Pad 1 [GND] of R12 on F.Cu
[unconnected_items]: Missing connection between items
    Local override; error
    @(81.7120 mm, 71.7781 mm): Pad 1 [GND] of R11 on F.Cu
    @(82.4000 mm, 66.1055 mm): Pad B12 [GND] of J11 on F.Cu
[unconnected_items]: Missing connection between items
    Local override; error
    @(82.4000 mm, 66.1055 mm): Pad B12 [GND] of J11 on F.Cu
    @(76.9000 mm, 66.1055 mm): Pad A12 [GND] of J11 on F.Cu
[unconnected_items]: Missing connection between items
    Local override; error
    @(83.0700 mm, 139.5200 mm): Pad 2 [GND] of U8 on F.Cu
    @(85.2000 mm, 145.7500 mm): PTH pad 10 [GND] of J15
[unconnected_items]: Missing connection between items
    Local override; error
    @(83.2300 mm, 94.5800 mm): Pad 1 [GND] of C11 on F.Cu
    @(78.7100 mm, 86.6900 mm): Pad 1 [GND] of D2 on F.Cu
[unconnected_items]: Missing connection between items
    Local override; error
    @(84.3200 mm, 84.9200 mm): Pad 1 [GND] of C14 on F.Cu
    @(78.7100 mm, 86.6900 mm): Pad 1 [GND] of D2 on F.Cu
[unconnected_items]: Missing connection between items
    Local override; error
    @(85.0896 mm, 71.7770 mm): Pad 1 [GND] of R12 on F.Cu
    @(84.3200 mm, 84.9200 mm): Pad 1 [GND] of C14 on F.Cu
[unconnected_items]: Missing connection between items
    Local override; error
    @(85.0900 mm, 133.9400 mm): Pad 1 [GND] of C19 on F.Cu
    @(83.0700 mm, 139.5200 mm): Pad 2 [GND] of U8 on F.Cu
[unconnected_items]: Missing connection between items
    Local override; error
    @(85.2000 mm, 145.7500 mm): PTH pad 10 [GND] of J15
    @(85.2000 mm, 151.9500 mm): Pad 10 [GND] of J15 on F.Cu
[unconnected_items]: Missing connection between items
    Local override; error
    @(90.6000 mm, 110.7500 mm): Pad 1 [GND] of C13 on F.Cu
    @(94.0625 mm, 117.3200 mm): Pad 1 [GND] of R5 on F.Cu
[unconnected_items]: Missing connection between items
    Local override; error
    @(92.4600 mm, 98.5700 mm): Pad 1 [GND] of U3 on F.Cu
    @(83.2300 mm, 94.5800 mm): Pad 1 [GND] of C11 on F.Cu
[unconnected_items]: Missing connection between items
    Local override; error
    @(92.8500 mm, 138.5750 mm): Pad 8 [GND] of D6 on F.Cu
    @(92.8500 mm, 139.4100 mm): Pad 3 [GND] of D6 on F.Cu
[unconnected_items]: Missing connection between items
    Local override; error
    @(92.8500 mm, 139.4100 mm): Pad 3 [GND] of D6 on F.Cu
    @(91.6000 mm, 144.6000 mm): Pad 7 [GND] of J15 on F.Cu
[unconnected_items]: Missing connection between items
    Local override; error
    @(92.9200 mm, 90.9000 mm): Pad 1 [GND] of C9 on F.Cu
    @(92.4600 mm, 98.5700 mm): Pad 1 [GND] of U3 on F.Cu
[unconnected_items]: Missing connection between items
    Local override; error
    @(94.6000 mm, 144.6000 mm): Pad 4 [GND] of J15 on F.Cu
    @(91.6000 mm, 144.6000 mm): Pad 7 [GND] of J15 on F.Cu
[unconnected_items]: Missing connection between items
    Local override; error
    @(94.6000 mm, 144.6000 mm): Pad 4 [GND] of J15 on F.Cu
    @(98.0000 mm, 145.7500 mm): PTH pad 10 [GND] of J15
[unconnected_items]: Missing connection between items
    Local override; error
    @(98.0000 mm, 151.9500 mm): Pad 10 [GND] of J15 on F.Cu
    @(98.0000 mm, 145.7500 mm): PTH pad 10 [GND] of J15
[unconnected_items]: Missing connection between items
    Local override; error
    @(99.7600 mm, 85.4300 mm): Pad 26 [GND] of J2 on F.Cu
    @(103.8240 mm, 86.7000 mm): Pad 27 [GND] of J2 on F.Cu
[unconnected_items]: Missing connection between items
    Local override; error
    @(99.7600 mm, 96.8600 mm): Pad 44 [GND] of J2 on F.Cu
    @(92.4600 mm, 98.5700 mm): Pad 1 [GND] of U3 on F.Cu
[unconnected_items]: Missing connection between items
    Local override; error
    @(99.7600 mm, 96.8600 mm): Pad 44 [GND] of J2 on F.Cu
    @(99.7600 mm, 105.7500 mm): Pad 58 [GND] of J2 on F.Cu
[unconnected_items]: Missing connection between items
    Local override; error
    @(99.7600 mm, 105.7500 mm): Pad 58 [GND] of J2 on F.Cu
    @(90.6000 mm, 110.7500 mm): Pad 1 [GND] of C13 on F.Cu
[unconnected_items]: Missing connection between items
    Local override; error
    @(102.2175 mm, 120.6125 mm): Pad 1 [GND] of C28 on F.Cu
    @(94.0625 mm, 117.3200 mm): Pad 1 [GND] of R5 on F.Cu
[unconnected_items]: Missing connection between items
    Local override; error
    @(102.2375 mm, 122.9325 mm): Pad 1 [GND] of C10 on F.Cu
    @(102.2175 mm, 120.6125 mm): Pad 1 [GND] of C28 on F.Cu
[unconnected_items]: Missing connection between items
    Local override; error
    @(102.2375 mm, 122.9325 mm): Pad 1 [GND] of C10 on F.Cu
    @(107.1475 mm, 124.0125 mm): Pad 3 [GND] of U10 on F.Cu
[unconnected_items]: Missing connection between items
    Local override; error
    @(103.8240 mm, 91.7800 mm): Pad 35 [GND] of J2 on F.Cu
    @(103.8240 mm, 86.7000 mm): Pad 27 [GND] of J2 on F.Cu
[unconnected_items]: Missing connection between items
    Local override; error
    @(103.8240 mm, 91.7800 mm): Pad 35 [GND] of J2 on F.Cu
    @(99.7600 mm, 96.8600 mm): Pad 44 [GND] of J2 on F.Cu
[unconnected_items]: Missing connection between items
    Local override; error
    @(107.1475 mm, 124.0125 mm): Pad 3 [GND] of U10 on F.Cu
    @(113.0700 mm, 123.4825 mm): Pad 1 [GND] of R15 on F.Cu
[unconnected_items]: Missing connection between items
    Local override; error
    @(108.5100 mm, 151.4100 mm): PTH pad S1 [GND] of J7
    @(109.6300 mm, 150.8350 mm): Pad B12 [GND] of J7 on F.Cu
[unconnected_items]: Missing connection between items
    Local override; error
    @(110.5500 mm, 138.6800 mm): Pad 1 [GND] of C22 on F.Cu
    @(110.5200 mm, 141.4200 mm): Pad 1 [GND] of C23 on F.Cu
[unconnected_items]: Missing connection between items
    Local override; error
    @(112.7400 mm, 118.3525 mm): Pad 1 [GND] of C31 on F.Cu
    @(113.0700 mm, 123.4825 mm): Pad 1 [GND] of R15 on F.Cu
[unconnected_items]: Missing connection between items
    Local override; error
    @(114.8200 mm, 138.6600 mm): Pad 1 [GND] of C21 on F.Cu
    @(115.7700 mm, 141.1900 mm): Pad 2 [GND] of U9 on F.Cu
[unconnected_items]: Missing connection between items
    Local override; error
    @(114.8200 mm, 138.6600 mm): Pad 1 [GND] of C21 on F.Cu
    @(110.5500 mm, 138.6800 mm): Pad 1 [GND] of C22 on F.Cu
[unconnected_items]: Missing connection between items
    Local override; error
    @(114.8200 mm, 138.6600 mm): Pad 1 [GND] of C21 on F.Cu
    @(115.3100 mm, 130.3925 mm): Pad 1 [GND] of Q1 on F.Cu
[unconnected_items]: Missing connection between items
    Local override; error
    @(115.3100 mm, 130.3925 mm): Pad 1 [GND] of Q1 on F.Cu
    @(113.0700 mm, 123.4825 mm): Pad 1 [GND] of R15 on F.Cu
[unconnected_items]: Missing connection between items
    Local override; error
    @(116.2300 mm, 118.3925 mm): Pad 1 [GND] of C30 on F.Cu
    @(112.7400 mm, 118.3525 mm): Pad 1 [GND] of C31 on F.Cu
[unconnected_items]: Missing connection between items
    Local override; error
    @(117.1500 mm, 151.4100 mm): PTH pad S1 [GND] of J7
    @(116.0300 mm, 150.8350 mm): Pad A12 [GND] of J7 on F.Cu
[unconnected_items]: Missing connection between items
    Local override; error
    @(117.1500 mm, 151.4100 mm): PTH pad S1 [GND] of J7
    @(124.6513 mm, 151.5864 mm): Pad 51 [GND] of J8 on F.Cu
[unconnected_items]: Missing connection between items
    Local override; error
    @(119.2700 mm, 79.1100 mm): PTH pad 14 [GND] of J5
    @(128.2900 mm, 79.9900 mm): Pad 21 [GND] of J6 on F.Cu
[unconnected_items]: Missing connection between items
    Local override; error
    @(119.2700 mm, 112.1300 mm): PTH pad 40 [GND] of J5
    @(116.2300 mm, 118.3925 mm): Pad 1 [GND] of C30 on F.Cu
[unconnected_items]: Missing connection between items
    Local override; error
    @(124.6513 mm, 133.9864 mm): Pad 15 [GND] of J8 on F.Cu
    @(124.6513 mm, 131.5864 mm): Pad 9 [GND] of J8 on F.Cu
[unconnected_items]: Missing connection between items
    Local override; error
    @(124.6513 mm, 139.5864 mm): Pad 21 [GND] of J8 on F.Cu
    @(124.6513 mm, 133.9864 mm): Pad 15 [GND] of J8 on F.Cu
[unconnected_items]: Missing connection between items
    Local override; error
    @(124.6513 mm, 141.9864 mm): Pad 27 [GND] of J8 on F.Cu
    @(124.6513 mm, 139.5864 mm): Pad 21 [GND] of J8 on F.Cu
[unconnected_items]: Missing connection between items
    Local override; error
    @(124.6513 mm, 142.7864 mm): Pad 29 [GND] of J8 on F.Cu
    @(124.6513 mm, 141.9864 mm): Pad 27 [GND] of J8 on F.Cu
[unconnected_items]: Missing connection between items
    Local override; error
    @(124.6513 mm, 142.7864 mm): Pad 29 [GND] of J8 on F.Cu
    @(124.6513 mm, 145.1864 mm): Pad 35 [GND] of J8 on F.Cu
[unconnected_items]: Missing connection between items
    Local override; error
    @(124.6513 mm, 145.9864 mm): Pad 37 [GND] of J8 on F.Cu
    @(124.6513 mm, 145.1864 mm): Pad 35 [GND] of J8 on F.Cu
[unconnected_items]: Missing connection between items
    Local override; error
    @(124.6513 mm, 145.9864 mm): Pad 37 [GND] of J8 on F.Cu
    @(124.6513 mm, 148.3864 mm): Pad 43 [GND] of J8 on F.Cu
[unconnected_items]: Missing connection between items
    Local override; error
    @(124.6513 mm, 151.5864 mm): Pad 51 [GND] of J8 on F.Cu
    @(124.6513 mm, 148.3864 mm): Pad 43 [GND] of J8 on F.Cu
[unconnected_items]: Missing connection between items
    Local override; error
    @(128.2900 mm, 74.3900 mm): Pad 15 [GND] of J6 on F.Cu
    @(128.2900 mm, 71.9900 mm): Pad 9 [GND] of J6 on F.Cu
[unconnected_items]: Missing connection between items
    Local override; error
    @(128.2900 mm, 79.9900 mm): Pad 21 [GND] of J6 on F.Cu
    @(128.2900 mm, 74.3900 mm): Pad 15 [GND] of J6 on F.Cu
[unconnected_items]: Missing connection between items
    Local override; error
    @(128.2900 mm, 82.3900 mm): Pad 27 [GND] of J6 on F.Cu
    @(128.2900 mm, 79.9900 mm): Pad 21 [GND] of J6 on F.Cu
[unconnected_items]: Missing connection between items
    Local override; error
    @(128.2900 mm, 83.1900 mm): Pad 29 [GND] of J6 on F.Cu
    @(128.2900 mm, 82.3900 mm): Pad 27 [GND] of J6 on F.Cu
[unconnected_items]: Missing connection between items
    Local override; error
    @(128.2900 mm, 83.1900 mm): Pad 29 [GND] of J6 on F.Cu
    @(128.2900 mm, 85.5900 mm): Pad 35 [GND] of J6 on F.Cu
[unconnected_items]: Missing connection between items
    Local override; error
    @(128.2900 mm, 86.3900 mm): Pad 37 [GND] of J6 on F.Cu
    @(128.2900 mm, 85.5900 mm): Pad 35 [GND] of J6 on F.Cu
[unconnected_items]: Missing connection between items
    Local override; error
    @(128.2900 mm, 86.3900 mm): Pad 37 [GND] of J6 on F.Cu
    @(128.2900 mm, 88.7900 mm): Pad 43 [GND] of J6 on F.Cu
[unconnected_items]: Missing connection between items
    Local override; error
    @(128.2900 mm, 91.9900 mm): Pad 51 [GND] of J6 on F.Cu
    @(128.2900 mm, 88.7900 mm): Pad 43 [GND] of J6 on F.Cu
[unconnected_items]: Missing connection between items
    Local override; error
    @(132.8513 mm, 129.5864 mm): Pad 4 [GND] of J8 on F.Cu
    @(124.6513 mm, 131.5864 mm): Pad 9 [GND] of J8 on F.Cu
[unconnected_items]: Missing connection between items
    Local override; error
    @(132.8513 mm, 129.5864 mm): Pad 4 [GND] of J8 on F.Cu
    @(137.6000 mm, 122.0800 mm): Pad SH [GND] of J12 on F.Cu
[unconnected_items]: Missing connection between items
    Local override; error
    @(132.8513 mm, 141.5864 mm): Pad 26 [GND] of J8 on F.Cu
    @(132.8513 mm, 138.3864 mm): Pad 18 [GND] of J8 on F.Cu
[unconnected_items]: Missing connection between items
    Local override; error
    @(132.8513 mm, 141.5864 mm): Pad 26 [GND] of J8 on F.Cu
    @(124.6513 mm, 141.9864 mm): Pad 27 [GND] of J8 on F.Cu
[unconnected_items]: Missing connection between items
    Local override; error
    @(132.8513 mm, 144.7864 mm): Pad 34 [GND] of J8 on F.Cu
    @(132.8513 mm, 147.1864 mm): Pad 40 [GND] of J8 on F.Cu
[unconnected_items]: Missing connection between items
    Local override; error
    @(132.8513 mm, 144.7864 mm): Pad 34 [GND] of J8 on F.Cu
    @(132.8513 mm, 141.5864 mm): Pad 26 [GND] of J8 on F.Cu
[unconnected_items]: Missing connection between items
    Local override; error
    @(132.8513 mm, 151.1864 mm): Pad 50 [GND] of J8 on F.Cu
    @(132.8513 mm, 147.1864 mm): Pad 40 [GND] of J8 on F.Cu
[unconnected_items]: Missing connection between items
    Local override; error
    @(133.5000 mm, 118.1350 mm): Pad 5 [GND] of J12 on F.Cu
    @(137.6000 mm, 110.3800 mm): Pad SH [GND] of J12 on F.Cu
[unconnected_items]: Missing connection between items
    Local override; error
    @(136.4900 mm, 69.9900 mm): Pad 4 [GND] of J6 on F.Cu
    @(128.2900 mm, 71.9900 mm): Pad 9 [GND] of J6 on F.Cu
[unconnected_items]: Missing connection between items
    Local override; error
    @(136.4900 mm, 81.9900 mm): Pad 26 [GND] of J6 on F.Cu
    @(136.4900 mm, 78.7900 mm): Pad 18 [GND] of J6 on F.Cu
[unconnected_items]: Missing connection between items
    Local override; error
    @(136.4900 mm, 81.9900 mm): Pad 26 [GND] of J6 on F.Cu
    @(136.4900 mm, 85.1900 mm): Pad 34 [GND] of J6 on F.Cu
[unconnected_items]: Missing connection between items
    Local override; error
    @(136.4900 mm, 81.9900 mm): Pad 26 [GND] of J6 on F.Cu
    @(128.2900 mm, 82.3900 mm): Pad 27 [GND] of J6 on F.Cu
[unconnected_items]: Missing connection between items
    Local override; error
    @(136.4900 mm, 87.5900 mm): Pad 40 [GND] of J6 on F.Cu
    @(136.4900 mm, 85.1900 mm): Pad 34 [GND] of J6 on F.Cu
[unconnected_items]: Missing connection between items
    Local override; error
    @(136.4900 mm, 87.5900 mm): Pad 40 [GND] of J6 on F.Cu
    @(136.4900 mm, 91.5900 mm): Pad 50 [GND] of J6 on F.Cu
[unconnected_items]: Missing connection between items
    Local override; error
    @(136.8600 mm, 100.7400 mm): Pad 1 [GND] of U4 on F.Cu
    @(132.0400 mm, 101.5000 mm): PTH pad 6 [GND] of J13
[unconnected_items]: Missing connection between items
    Local override; error
    @(137.6000 mm, 122.0800 mm): Pad SH [GND] of J12 on F.Cu
    @(133.5000 mm, 118.1350 mm): Pad 5 [GND] of J12 on F.Cu
[unconnected_items]: Missing connection between items
    Local override; error
    @(146.4000 mm, 110.3800 mm): Pad SH [GND] of J12 on F.Cu
    @(146.4100 mm, 104.0900 mm): Pad 1 [GND] of C12 on F.Cu
[unconnected_items]: Missing connection between items
    Local override; error
    @(146.4000 mm, 110.3800 mm): Pad SH [GND] of J12 on F.Cu
    @(137.6000 mm, 110.3800 mm): Pad SH [GND] of J12 on F.Cu
[unconnected_items]: Missing connection between items
    Local override; error
    @(157.2200 mm, 109.5000 mm): Pad 1 [GND] of C35 on F.Cu
    @(162.0500 mm, 102.4900 mm): Pad 1 [GND] of C34 on F.Cu
[unconnected_items]: Missing connection between items
    Local override; error
    @(157.2200 mm, 109.5000 mm): Pad 1 [GND] of C35 on F.Cu
    @(146.4000 mm, 110.3800 mm): Pad SH [GND] of J12 on F.Cu
[unconnected_items]: Missing connection between items
    Local override; error
    @(171.8600 mm, 111.7300 mm): Pad 1 [GND] of C32 on F.Cu
    @(162.0500 mm, 102.4900 mm): Pad 1 [GND] of C34 on F.Cu
[unconnected_items]: Missing connection between items
    Local override; error
    @(38.1100 mm, 79.2400 mm): Pad 22 [/3V3] of J4 on B.Cu
    @(38.1000 mm, 88.2300 mm): Track [/3V3] on F.Cu, length 0.8757 mm
[unconnected_items]: Missing connection between items
    Local override; error
    @(135.4500 mm, 105.3400 mm): Track [/5V-VBUS] on F.Cu, length 1.4100 mm
    @(157.6000 mm, 112.5300 mm): Track [/5V-VBUS] on F.Cu, length 2.1496 mm
[unconnected_items]: Missing connection between items
    Local override; error
    @(132.8513 mm, 140.7864 mm): Pad 24 [/VBUCK] of J8 on F.Cu
    @(132.8513 mm, 139.9864 mm): Track [/VBUCK] on F.Cu, length 1.2000 mm
[unconnected_items]: Missing connection between items
    Local override; error
    @(171.7900 mm, 117.1575 mm): Pad 1 [/MIC2_BIAS] of R17 on F.Cu
    @(171.8600 mm, 113.6300 mm): Pad 2 [/MIC2_BIAS] of C32 on F.Cu
[unconnected_items]: Missing connection between items
    Local override; error
    @(99.7600 mm, 70.1900 mm): Pad 2 [/MCU_SDMMC1_CMD / PD2] of J2 on F.Cu
    @(119.2700 mm, 63.8700 mm): PTH pad 02 [/MCU_SDMMC1_CMD / PD2] of J5
[unconnected_items]: Missing connection between items
    Local override; error
    @(171.7900 mm, 118.9825 mm): Pad 2 [/MIC2_INP] of R17 on F.Cu
    @(187.1000 mm, 108.9000 mm): Pad 1 [/MIC2_INP] of J16 on F.Cu
[unconnected_items]: Missing connection between items
    Local override; error
    @(38.1100 mm, 78.2400 mm): Pad 20 [/SCL1] of J4 on B.Cu
    @(39.0000 mm, 89.2300 mm): Track [/SCL1] on F.Cu, length 0.9000 mm
[unconnected_items]: Missing connection between items
    Local override; error
    @(37.2900 mm, 88.7300 mm): Track [/SDA1] on F.Cu, length 0.8100 mm
    @(38.1100 mm, 78.7400 mm): Pad 21 [/SDA1] of J4 on B.Cu
[unconnected_items]: Missing connection between items
    Local override; error
    @(57.5640 mm, 107.0200 mm): Pad 59 [/VIN] of J1 on F.Cu
    @(119.2700 mm, 109.5900 mm): PTH pad 38 [/VIN] of J5

** Found 0 Footprint errors **

** End of Report **
