** Drc report for Shield.kicad_pcb **
** Created on 2026-09-20T18:55:37+0530 **
** Report includes: Errors, Warnings, Exclusions **

** Found 28 DRC violations **
[lib_footprint_mismatch]: Footprint 'USB_C_Receptacle_GCT_USB4105-xx-A_16P_TopMnt_Horizontal' does not match copy in library 'Connector_USB'.
    Local override; warning
    @(112.8300 mm, 154.5150 mm): Footprint J7
[lib_footprint_mismatch]: Footprint 'SAMTEC-FTS-130-01-X-DV' does not match copy in library 'SAMTEC-FTS-130-01-X-DV'.
    Local override; warning
    @(105.6020 mm, 84.7950 mm): Footprint J2
[lib_footprint_mismatch]: Footprint 'SAMTEC-FTS-130-01-X-DV' does not match copy in library 'SAMTEC-FTS-130-01-X-DV'.
    Local override; warning
    @(59.3420 mm, 84.7950 mm): Footprint J1
[lib_footprint_mismatch]: Footprint 'CON_5051102291_MOL' does not match copy in library 'Molex_22Pin_5051102291'.
    Local override; warning
    @(36.6500 mm, 94.4800 mm): Footprint J3
[lib_footprint_mismatch]: Footprint 'CON_5051102291_MOL' does not match copy in library 'Molex_22Pin_5051102291'.
    Local override; warning
    @(35.6600 mm, 73.9900 mm): Footprint J4
[text_height]: Text height out of range (board setup constraints silk text height min height 0.6000 mm; actual 0.4801 mm)
    Rule: board setup constraints silk text height; warning
    @(127.1393 mm, 67.8382 mm): Footprint text of J6 (1)
[text_height]: Text height out of range (board setup constraints silk text height min height 0.6000 mm; actual 0.4807 mm)
    Rule: board setup constraints silk text height; warning
    @(137.1600 mm, 93.3400 mm): Footprint text of J6 (52)
[text_height]: Text height out of range (board setup constraints silk text height min height 0.6000 mm; actual 0.4805 mm)
    Rule: board setup constraints silk text height; warning
    @(127.4900 mm, 92.9600 mm): Footprint text of J6 (51)
[text_height]: Text height out of range (board setup constraints silk text height min height 0.6000 mm; actual 0.4807 mm)
    Rule: board setup constraints silk text height; warning
    @(137.1472 mm, 68.0711 mm): Footprint text of J6 (2)
[text_height]: Text height out of range (board setup constraints silk text height min height 0.6000 mm; actual 0.4805 mm)
    Rule: board setup constraints silk text height; warning
    @(123.9200 mm, 152.5000 mm): Footprint text of J8 (51)
[text_height]: Text height out of range (board setup constraints silk text height min height 0.6000 mm; actual 0.4807 mm)
    Rule: board setup constraints silk text height; warning
    @(132.1100 mm, 153.0200 mm): Footprint text of J8 (52)
[text_height]: Text height out of range (board setup constraints silk text height min height 0.6000 mm; actual 0.4807 mm)
    Rule: board setup constraints silk text height; warning
    @(133.7100 mm, 128.0100 mm): Footprint text of J8 (2)
[text_height]: Text height out of range (board setup constraints silk text height min height 0.6000 mm; actual 0.4801 mm)
    Rule: board setup constraints silk text height; warning
    @(123.8500 mm, 127.5700 mm): Footprint text of J8 (1)
[silk_over_copper]: Silkscreen clipped by solder mask
    Local override; warning
    @(162.5500 mm, 115.9900 mm): Segment of LED1 on F.Silkscreen
[silk_over_copper]: Silkscreen clipped by solder mask
    Local override; warning
    @(162.5500 mm, 115.9900 mm): Segment of LED1 on F.Silkscreen
[silk_over_copper]: Silkscreen clipped by solder mask
    Local override; warning
    @(162.5500 mm, 111.8900 mm): Segment of LED1 on F.Silkscreen
[silk_over_copper]: Silkscreen clipped by solder mask
    Local override; warning
    @(157.5500 mm, 116.8900 mm): Segment of LED1 on F.Silkscreen
[silk_over_copper]: Silkscreen clipped by solder mask
    Local override; warning
    @(107.9960 mm, 123.5125 mm): Reference field of U10
[silk_over_copper]: Silkscreen clipped by solder mask
    Local override; warning
    @(39.4000 mm, 129.7800 mm): Segment of LED2 on F.Silkscreen
[silk_over_copper]: Silkscreen clipped by solder mask
    Local override; warning
    @(39.4000 mm, 129.7800 mm): Segment of LED2 on F.Silkscreen
[silk_over_copper]: Silkscreen clipped by solder mask
    Local override; warning
    @(39.4000 mm, 125.6800 mm): Segment of LED2 on F.Silkscreen
[silk_over_copper]: Silkscreen clipped by solder mask
    Local override; warning
    @(34.4000 mm, 130.6800 mm): Segment of LED2 on F.Silkscreen
[silk_overlap]: Silkscreen overlap
    Rule: board setup constraints silk; warning
    @(59.4100 mm, 108.1050 mm): Segment of J1 on F.Silkscreen
    @(58.1990 mm, 108.4460 mm): Footprint text of J1 (59)
[silk_overlap]: Silkscreen overlap
    Rule: board setup constraints silk; warning
    @(59.4100 mm, 108.1050 mm): Segment of J1 on F.Silkscreen
    @(54.1350 mm, 108.4460 mm): Footprint text of J1 (60)
[silk_overlap]: Silkscreen overlap
    Rule: board setup constraints silk; warning
    @(136.8900 mm, 95.5900 mm): Segment of J6 on F.Silkscreen
    @(137.1600 mm, 93.3400 mm): Footprint text of J6 (52)
[silk_overlap]: Silkscreen overlap
    Rule: board setup constraints silk; warning
    @(136.8900 mm, 68.5900 mm): Segment of J6 on F.Silkscreen
    @(137.1472 mm, 68.0711 mm): Footprint text of J6 (2)
[silk_overlap]: Silkscreen overlap
    Rule: board setup constraints silk; warning
    @(104.4590 mm, 108.4460 mm): Footprint text of J2 (59)
    @(105.6700 mm, 108.1050 mm): Segment of J2 on F.Silkscreen
[silk_overlap]: Silkscreen overlap
    Rule: board setup constraints silk; warning
    @(100.3950 mm, 108.4460 mm): Footprint text of J2 (60)
    @(105.6700 mm, 108.1050 mm): Segment of J2 on F.Silkscreen

** Found 0 unconnected pads **

** Found 0 Footprint errors **

** End of Report **
